06-06 20:47:20.878 24187 24213 I TestRunner: started: vertical_scroll_content_at_first_position(com.example.dogglers.VerticalListTests)
06-06 20:47:20.896 24187 24213 W Settings: Setting always_finish_activities has moved from android.provider.Settings.System to android.provider.Settings.Global, returning read-only value.
06-06 20:47:20.931  7714  7738 D SplashScreenView: Build android.window.SplashScreenView{6e126cd V.E...... ......ID 0,0-0,0}
06-06 20:47:20.931  7714  7738 D SplashScreenView: Icon: view: null drawable: null size: 0
06-06 20:47:20.931  7714  7738 D SplashScreenView: Branding: view: android.view.View{73e2b82 G.ED..... ......I. 0,0-0,0 #10204a6 android:id/splashscreen_branding_view} drawable: null size w: 0 h: 0
06-06 20:47:20.967 24187 24187 D LifecycleMonitor: Lifecycle status change: androidx.test.core.app.InstrumentationActivityInvoker$BootstrapActivity@fd4280e in: PRE_ON_CREATE
06-06 20:47:20.968 24187 24187 V ActivityScenario: Activity lifecycle changed event received but ignored because the intent does not match. startActivityIntent=Intent { act=android.intent.action.MAIN cat=[android.intent.category.LAUNCHER] cmp=com.example.dogglers/.VerticalListActivity }, activity.getIntent()=Intent { act=android.intent.action.MAIN cat=[android.intent.category.LAUNCHER] flg=0x10008000 cmp=com.example.dogglers/androidx.test.core.app.InstrumentationActivityInvoker$BootstrapActivity (has extras) }, activity=androidx.test.core.app.InstrumentationActivityInvoker$BootstrapActivity@fd4280e
06-06 20:47:21.002 24187 24187 D LifecycleMonitor: Lifecycle status change: androidx.test.core.app.InstrumentationActivityInvoker$BootstrapActivity@fd4280e in: CREATED
06-06 20:47:21.003 24187 24187 V ActivityScenario: Activity lifecycle changed event received but ignored because the intent does not match. startActivityIntent=Intent { act=android.intent.action.MAIN cat=[android.intent.category.LAUNCHER] cmp=com.example.dogglers/.VerticalListActivity }, activity.getIntent()=Intent { act=android.intent.action.MAIN cat=[android.intent.category.LAUNCHER] flg=0x10008000 cmp=com.example.dogglers/androidx.test.core.app.InstrumentationActivityInvoker$BootstrapActivity (has extras) }, activity=androidx.test.core.app.InstrumentationActivityInvoker$BootstrapActivity@fd4280e
06-06 20:47:21.016 24187 24187 D LifecycleMonitor: Lifecycle status change: androidx.test.core.app.InstrumentationActivityInvoker$BootstrapActivity@fd4280e in: STARTED
06-06 20:47:21.017 24187 24187 V ActivityScenario: Activity lifecycle changed event received but ignored because the intent does not match. startActivityIntent=Intent { act=android.intent.action.MAIN cat=[android.intent.category.LAUNCHER] cmp=com.example.dogglers/.VerticalListActivity }, activity.getIntent()=Intent { act=android.intent.action.MAIN cat=[android.intent.category.LAUNCHER] flg=0x10008000 cmp=com.example.dogglers/androidx.test.core.app.InstrumentationActivityInvoker$BootstrapActivity (has extras) }, activity=androidx.test.core.app.InstrumentationActivityInvoker$BootstrapActivity@fd4280e
06-06 20:47:21.040 24187 24187 D LifecycleMonitor: Lifecycle status change: androidx.test.core.app.InstrumentationActivityInvoker$BootstrapActivity@fd4280e in: RESUMED
06-06 20:47:21.051 24187 24187 V ActivityScenario: Activity lifecycle changed event received but ignored because the intent does not match. startActivityIntent=Intent { act=android.intent.action.MAIN cat=[android.intent.category.LAUNCHER] cmp=com.example.dogglers/.VerticalListActivity }, activity.getIntent()=Intent { act=android.intent.action.MAIN cat=[android.intent.category.LAUNCHER] flg=0x10008000 cmp=com.example.dogglers/androidx.test.core.app.InstrumentationActivityInvoker$BootstrapActivity (has extras) }, activity=androidx.test.core.app.InstrumentationActivityInvoker$BootstrapActivity@fd4280e
06-06 20:47:21.080 24187 24187 D LifecycleMonitor: Lifecycle status change: androidx.test.core.app.InstrumentationActivityInvoker$BootstrapActivity@fd4280e in: PAUSED
06-06 20:47:21.080 24187 24187 V ActivityScenario: Activity lifecycle changed event received but ignored because the intent does not match. startActivityIntent=Intent { act=android.intent.action.MAIN cat=[android.intent.category.LAUNCHER] cmp=com.example.dogglers/.VerticalListActivity }, activity.getIntent()=Intent { act=android.intent.action.MAIN cat=[android.intent.category.LAUNCHER] flg=0x10008000 cmp=com.example.dogglers/androidx.test.core.app.InstrumentationActivityInvoker$BootstrapActivity (has extras) }, activity=androidx.test.core.app.InstrumentationActivityInvoker$BootstrapActivity@fd4280e
06-06 20:47:21.095  7714  7738 D SplashScreenView: Build android.window.SplashScreenView{a277dce V.E...... ......ID 0,0-0,0}
06-06 20:47:21.095  7714  7738 D SplashScreenView: Icon: view: null drawable: null size: 0
06-06 20:47:21.095  7714  7738 D SplashScreenView: Branding: view: android.view.View{67984ef G.ED..... ......I. 0,0-0,0 #10204a6 android:id/splashscreen_branding_view} drawable: null size w: 0 h: 0
06-06 20:47:21.109 24187 24187 D LifecycleMonitor: Lifecycle status change: com.example.dogglers.VerticalListActivity@71ed428 in: PRE_ON_CREATE
06-06 20:47:21.111 24187 24187 V ActivityScenario: Activity lifecycle changed event received but ignored because the reported transition was not ON_CREATE while the last known transition was PRE_ON_CREATE
06-06 20:47:21.171 24187 24187 D LifecycleMonitor: Lifecycle status change: com.example.dogglers.VerticalListActivity@71ed428 in: CREATED
06-06 20:47:21.172 24187 24187 V ActivityScenario: Update currentActivityStage to CREATED, currentActivity=com.example.dogglers.VerticalListActivity@71ed428
06-06 20:47:21.180 24187 24187 D LifecycleMonitor: Lifecycle status change: com.example.dogglers.VerticalListActivity@71ed428 in: STARTED
06-06 20:47:21.180 24187 24187 V ActivityScenario: Update currentActivityStage to STARTED, currentActivity=com.example.dogglers.VerticalListActivity@71ed428
06-06 20:47:21.185 24187 24187 D LifecycleMonitor: Lifecycle status change: com.example.dogglers.VerticalListActivity@71ed428 in: RESUMED
06-06 20:47:21.186 24187 24187 V ActivityScenario: Update currentActivityStage to RESUMED, currentActivity=com.example.dogglers.VerticalListActivity@71ed428
06-06 20:47:21.206 24187 24187 D LifecycleMonitor: Lifecycle status change: androidx.test.core.app.InstrumentationActivityInvoker$BootstrapActivity@fd4280e in: STOPPED
06-06 20:47:21.207 24187 24187 V ActivityScenario: Activity lifecycle changed event received but ignored because the intent does not match. startActivityIntent=Intent { act=android.intent.action.MAIN cat=[android.intent.category.LAUNCHER] cmp=com.example.dogglers/.VerticalListActivity }, activity.getIntent()=Intent { act=android.intent.action.MAIN cat=[android.intent.category.LAUNCHER] flg=0x10008000 cmp=com.example.dogglers/androidx.test.core.app.InstrumentationActivityInvoker$BootstrapActivity (has extras) }, activity=androidx.test.core.app.InstrumentationActivityInvoker$BootstrapActivity@fd4280e
06-06 20:47:21.247   352 10162 D goldfish-address-space: claimShared: Ask to claim region [0x3e9b6e000 0x3ea4d3000]
06-06 20:47:21.292   352 10162 D goldfish-address-space: claimShared: Ask to claim region [0x3ec000000 0x3ec965000]
06-06 20:47:21.297   352 10162 D goldfish-address-space: claimShared: Ask to claim region [0x3eeef9000 0x3ef85e000]
06-06 20:47:21.306   352 10162 D goldfish-address-space: claimShared: Ask to claim region [0x3ed8cd000 0x3ee232000]
06-06 20:47:21.316   352 10162 D goldfish-address-space: claimShared: Ask to claim region [0x3f2b97000 0x3f34fc000]
06-06 20:47:21.326   352 10162 D goldfish-address-space: claimShared: Ask to claim region [0x3f0000000 0x3f0965000]
06-06 20:47:21.391   352 10162 D goldfish-address-space: claimShared: Ask to claim region [0x3eae38000 0x3eb43b000]
06-06 20:47:21.535  1768  1787 I ActivityTaskManager: Displayed com.example.dogglers/.VerticalListActivity: +612ms
06-06 20:47:21.579  7714  7739 D EGL_emulation: app_time_stats: avg=24.47ms min=3.69ms max=277.66ms count=24
06-06 20:47:21.582  3720  3720 I GoogleInputMethodService: GoogleInputMethodService.onFinishInput():3420
06-06 20:47:21.583  3720  3720 I GoogleInputMethodService: GoogleInputMethodService.onStartInput():2002
06-06 20:47:21.587  3720  3720 I DeviceUnlockedTag: DeviceUnlockedTag.notifyDeviceLockStatusChanged():31 Notify device unlocked.
06-06 20:47:21.614 24187 24187 I ViewInteraction: Checking 'MatchesViewAssertion{viewMatcher=(view has effective visibility <VISIBLE> and view.getGlobalVisibleRect() to return non-empty rectangle)}' assertion on view an instance of android.widget.TextView and view.getText() with or without transformation to match: is "Tzeitel"
06-06 20:47:21.780 24187 24187 I ViewInteraction: Checking 'MatchesViewAssertion{viewMatcher=(view has effective visibility <VISIBLE> and view.getGlobalVisibleRect() to return non-empty rectangle)}' assertion on view an instance of android.widget.TextView and view.getText() with or without transformation to match: is "7"
06-06 20:47:21.781 24187 24187 E ViewAssertions: '(view has effective visibility <VISIBLE> and view.getGlobalVisibleRect() to return non-empty rectangle)' check could not be performed because view 'an instance of android.widget.TextView and view.getText() with or without transformation to match: is "7"' was not found.
06-06 20:47:21.834 24187 24187 D LifecycleMonitor: Lifecycle status change: com.example.dogglers.VerticalListActivity@71ed428 in: PAUSED
06-06 20:47:21.835 24187 24187 V ActivityScenario: Update currentActivityStage to PAUSED, currentActivity=com.example.dogglers.VerticalListActivity@71ed428
06-06 20:47:21.858 24187 24187 D LifecycleMonitor: Lifecycle status change: androidx.test.core.app.InstrumentationActivityInvoker$EmptyActivity@cf413a1 in: PRE_ON_CREATE
06-06 20:47:21.859 24187 24187 V ActivityScenario: Activity lifecycle changed event received but ignored because the intent does not match. startActivityIntent=Intent { act=android.intent.action.MAIN cat=[android.intent.category.LAUNCHER] cmp=com.example.dogglers/.VerticalListActivity }, activity.getIntent()=Intent { act=android.intent.action.MAIN cat=[android.intent.category.LAUNCHER] flg=0x10000000 cmp=com.example.dogglers/androidx.test.core.app.InstrumentationActivityInvoker$EmptyActivity }, activity=androidx.test.core.app.InstrumentationActivityInvoker$EmptyActivity@cf413a1
06-06 20:47:21.876  1768  2660 W InputManager-JNI: Input channel object '93fa7d4 Splash Screen com.example.dogglers (client)' was disposed without first being removed with the input manager!
06-06 20:47:21.887 24187 24187 D LifecycleMonitor: Lifecycle status change: androidx.test.core.app.InstrumentationActivityInvoker$EmptyActivity@cf413a1 in: CREATED
06-06 20:47:21.888 24187 24187 V ActivityScenario: Activity lifecycle changed event received but ignored because the intent does not match. startActivityIntent=Intent { act=android.intent.action.MAIN cat=[android.intent.category.LAUNCHER] cmp=com.example.dogglers/.VerticalListActivity }, activity.getIntent()=Intent { act=android.intent.action.MAIN cat=[android.intent.category.LAUNCHER] flg=0x10000000 cmp=com.example.dogglers/androidx.test.core.app.InstrumentationActivityInvoker$EmptyActivity }, activity=androidx.test.core.app.InstrumentationActivityInvoker$EmptyActivity@cf413a1
06-06 20:47:21.891 24187 24187 D LifecycleMonitor: Lifecycle status change: androidx.test.core.app.InstrumentationActivityInvoker$EmptyActivity@cf413a1 in: STARTED
06-06 20:47:21.892 24187 24187 V ActivityScenario: Activity lifecycle changed event received but ignored because the intent does not match. startActivityIntent=Intent { act=android.intent.action.MAIN cat=[android.intent.category.LAUNCHER] cmp=com.example.dogglers/.VerticalListActivity }, activity.getIntent()=Intent { act=android.intent.action.MAIN cat=[android.intent.category.LAUNCHER] flg=0x10000000 cmp=com.example.dogglers/androidx.test.core.app.InstrumentationActivityInvoker$EmptyActivity }, activity=androidx.test.core.app.InstrumentationActivityInvoker$EmptyActivity@cf413a1
06-06 20:47:21.897 24187 24187 D LifecycleMonitor: Lifecycle status change: androidx.test.core.app.InstrumentationActivityInvoker$EmptyActivity@cf413a1 in: RESUMED
06-06 20:47:21.898 24187 24187 V ActivityScenario: Activity lifecycle changed event received but ignored because the intent does not match. startActivityIntent=Intent { act=android.intent.action.MAIN cat=[android.intent.category.LAUNCHER] cmp=com.example.dogglers/.VerticalListActivity }, activity.getIntent()=Intent { act=android.intent.action.MAIN cat=[android.intent.category.LAUNCHER] flg=0x10000000 cmp=com.example.dogglers/androidx.test.core.app.InstrumentationActivityInvoker$EmptyActivity }, activity=androidx.test.core.app.InstrumentationActivityInvoker$EmptyActivity@cf413a1
06-06 20:47:21.967   352 10162 D goldfish-address-space: claimShared: Ask to claim region [0x3f0965000 0x3f12ca000]
06-06 20:47:21.979   352 10162 D goldfish-address-space: claimShared: Ask to claim region [0x3f12ca000 0x3f1c2f000]
06-06 20:47:21.983   352 10162 D goldfish-address-space: claimShared: Ask to claim region [0x3f6e33000 0x3f7798000]
06-06 20:47:22.004  1768  1787 I ActivityTaskManager: Displayed com.example.dogglers/androidx.test.core.app.InstrumentationActivityInvoker$EmptyActivity: +197ms
06-06 20:47:22.089 24187 24187 D LifecycleMonitor: Lifecycle status change: com.example.dogglers.VerticalListActivity@71ed428 in: STOPPED
06-06 20:47:22.089 24187 24187 V ActivityScenario: Update currentActivityStage to STOPPED, currentActivity=com.example.dogglers.VerticalListActivity@71ed428
06-06 20:47:22.112 24187 24187 D LifecycleMonitor: Lifecycle status change: com.example.dogglers.VerticalListActivity@71ed428 in: DESTROYED
06-06 20:47:22.112 24187 24187 V ActivityScenario: Update currentActivityStage to DESTROYED, currentActivity=null
06-06 20:47:22.129  1768  3431 W InputManager-JNI: Input channel object '2c980c3 com.example.dogglers/com.example.dogglers.VerticalListActivity (client)' was disposed without first being removed with the input manager!
06-06 20:47:22.150 24187 24187 D LifecycleMonitor: Lifecycle status change: androidx.test.core.app.InstrumentationActivityInvoker$EmptyActivity@cf413a1 in: PAUSED
06-06 20:47:22.151 24187 24187 V ActivityScenario: Activity lifecycle changed event received but ignored because the intent does not match. startActivityIntent=Intent { act=android.intent.action.MAIN cat=[android.intent.category.LAUNCHER] cmp=com.example.dogglers/.VerticalListActivity }, activity.getIntent()=Intent { act=android.intent.action.MAIN cat=[android.intent.category.LAUNCHER] flg=0x10000000 cmp=com.example.dogglers/androidx.test.core.app.InstrumentationActivityInvoker$EmptyActivity }, activity=androidx.test.core.app.InstrumentationActivityInvoker$EmptyActivity@cf413a1
06-06 20:47:22.174 24187 24187 D LifecycleMonitor: Lifecycle status change: androidx.test.core.app.InstrumentationActivityInvoker$BootstrapActivity@fd4280e in: DESTROYED
06-06 20:47:22.176 24187 24187 V ActivityScenario: Activity lifecycle changed event received but ignored because the intent does not match. startActivityIntent=Intent { act=android.intent.action.MAIN cat=[android.intent.category.LAUNCHER] cmp=com.example.dogglers/.VerticalListActivity }, activity.getIntent()=Intent { act=android.intent.action.MAIN cat=[android.intent.category.LAUNCHER] flg=0x10008000 cmp=com.example.dogglers/androidx.test.core.app.InstrumentationActivityInvoker$BootstrapActivity (has extras) }, activity=androidx.test.core.app.InstrumentationActivityInvoker$BootstrapActivity@fd4280e
06-06 20:47:22.188 24187 24187 D LifecycleMonitor: Lifecycle status change: androidx.test.core.app.InstrumentationActivityInvoker$EmptyActivity@34a167f in: PRE_ON_CREATE
06-06 20:47:22.189 24187 24187 V ActivityScenario: Activity lifecycle changed event received but ignored because the intent does not match. startActivityIntent=Intent { act=android.intent.action.MAIN cat=[android.intent.category.LAUNCHER] cmp=com.example.dogglers/.VerticalListActivity }, activity.getIntent()=Intent { act=android.intent.action.MAIN cat=[android.intent.category.LAUNCHER] flg=0x10000000 cmp=com.example.dogglers/androidx.test.core.app.InstrumentationActivityInvoker$EmptyActivity }, activity=androidx.test.core.app.InstrumentationActivityInvoker$EmptyActivity@34a167f
06-06 20:47:22.209 24187 24187 D LifecycleMonitor: Lifecycle status change: androidx.test.core.app.InstrumentationActivityInvoker$EmptyActivity@34a167f in: CREATED
06-06 20:47:22.210 24187 24187 V ActivityScenario: Activity lifecycle changed event received but ignored because the intent does not match. startActivityIntent=Intent { act=android.intent.action.MAIN cat=[android.intent.category.LAUNCHER] cmp=com.example.dogglers/.VerticalListActivity }, activity.getIntent()=Intent { act=android.intent.action.MAIN cat=[android.intent.category.LAUNCHER] flg=0x10000000 cmp=com.example.dogglers/androidx.test.core.app.InstrumentationActivityInvoker$EmptyActivity }, activity=androidx.test.core.app.InstrumentationActivityInvoker$EmptyActivity@34a167f
06-06 20:47:22.212 24187 24187 D LifecycleMonitor: Lifecycle status change: androidx.test.core.app.InstrumentationActivityInvoker$EmptyActivity@34a167f in: STARTED
06-06 20:47:22.213 24187 24187 V ActivityScenario: Activity lifecycle changed event received but ignored because the intent does not match. startActivityIntent=Intent { act=android.intent.action.MAIN cat=[android.intent.category.LAUNCHER] cmp=com.example.dogglers/.VerticalListActivity }, activity.getIntent()=Intent { act=android.intent.action.MAIN cat=[android.intent.category.LAUNCHER] flg=0x10000000 cmp=com.example.dogglers/androidx.test.core.app.InstrumentationActivityInvoker$EmptyActivity }, activity=androidx.test.core.app.InstrumentationActivityInvoker$EmptyActivity@34a167f
06-06 20:47:22.217 24187 24187 D LifecycleMonitor: Lifecycle status change: androidx.test.core.app.InstrumentationActivityInvoker$EmptyActivity@34a167f in: RESUMED
06-06 20:47:22.218 24187 24187 V ActivityScenario: Activity lifecycle changed event received but ignored because the intent does not match. startActivityIntent=Intent { act=android.intent.action.MAIN cat=[android.intent.category.LAUNCHER] cmp=com.example.dogglers/.VerticalListActivity }, activity.getIntent()=Intent { act=android.intent.action.MAIN cat=[android.intent.category.LAUNCHER] flg=0x10000000 cmp=com.example.dogglers/androidx.test.core.app.InstrumentationActivityInvoker$EmptyActivity }, activity=androidx.test.core.app.InstrumentationActivityInvoker$EmptyActivity@34a167f
06-06 20:47:22.260   352 10162 D goldfish-address-space: claimShared: Ask to claim region [0x3eb43b000 0x3ebda0000]
06-06 20:47:22.299   352 10162 D goldfish-address-space: claimShared: Ask to claim region [0x3e9209000 0x3e9b6e000]
06-06 20:47:22.303   352 10162 D goldfish-address-space: claimShared: Ask to claim region [0x3e9b6e000 0x3ea4d3000]
06-06 20:47:22.324  1768  1787 I ActivityTaskManager: Displayed com.example.dogglers/androidx.test.core.app.InstrumentationActivityInvoker$EmptyActivity: +285ms
06-06 20:47:22.338 24187 24187 D LifecycleMonitor: Lifecycle status change: androidx.test.core.app.InstrumentationActivityInvoker$EmptyActivity@cf413a1 in: STOPPED
06-06 20:47:22.338 24187 24187 V ActivityScenario: Activity lifecycle changed event received but ignored because the intent does not match. startActivityIntent=Intent { act=android.intent.action.MAIN cat=[android.intent.category.LAUNCHER] cmp=com.example.dogglers/.VerticalListActivity }, activity.getIntent()=Intent { act=android.intent.action.MAIN cat=[android.intent.category.LAUNCHER] flg=0x10000000 cmp=com.example.dogglers/androidx.test.core.app.InstrumentationActivityInvoker$EmptyActivity }, activity=androidx.test.core.app.InstrumentationActivityInvoker$EmptyActivity@cf413a1
06-06 20:47:22.363   352 10162 D goldfish-address-space: claimShared: Ask to claim region [0x3ea4d3000 0x3eaad6000]
06-06 20:47:22.379  3720  3720 I GoogleInputMethodService: GoogleInputMethodService.onFinishInput():3420
06-06 20:47:22.382  3720  3720 I GoogleInputMethodService: GoogleInputMethodService.onStartInput():2002
06-06 20:47:22.389  3720  3720 I DeviceUnlockedTag: DeviceUnlockedTag.notifyDeviceLockStatusChanged():31 Notify device unlocked.
06-06 20:47:22.393 24187 24187 D LifecycleMonitor: Lifecycle status change: androidx.test.core.app.InstrumentationActivityInvoker$EmptyActivity@cf413a1 in: DESTROYED
06-06 20:47:22.394 24187 24187 V ActivityScenario: Activity lifecycle changed event received but ignored because the intent does not match. startActivityIntent=Intent { act=android.intent.action.MAIN cat=[android.intent.category.LAUNCHER] cmp=com.example.dogglers/.VerticalListActivity }, activity.getIntent()=Intent { act=android.intent.action.MAIN cat=[android.intent.category.LAUNCHER] flg=0x10000000 cmp=com.example.dogglers/androidx.test.core.app.InstrumentationActivityInvoker$EmptyActivity }, activity=androidx.test.core.app.InstrumentationActivityInvoker$EmptyActivity@cf413a1
06-06 20:47:22.406  1768  2067 W InputManager-JNI: Input channel object 'c42491 com.example.dogglers/androidx.test.core.app.InstrumentationActivityInvoker$EmptyActivity (client)' was disposed without first being removed with the input manager!
06-06 20:47:22.421 24187 24187 D LifecycleMonitor: Lifecycle status change: androidx.test.core.app.InstrumentationActivityInvoker$EmptyActivity@34a167f in: PAUSED
06-06 20:47:22.425 24187 24187 V ActivityScenario: Activity lifecycle changed event received but ignored because the intent does not match. startActivityIntent=Intent { act=android.intent.action.MAIN cat=[android.intent.category.LAUNCHER] cmp=com.example.dogglers/.VerticalListActivity }, activity.getIntent()=Intent { act=android.intent.action.MAIN cat=[android.intent.category.LAUNCHER] flg=0x10000000 cmp=com.example.dogglers/androidx.test.core.app.InstrumentationActivityInvoker$EmptyActivity }, activity=androidx.test.core.app.InstrumentationActivityInvoker$EmptyActivity@34a167f
06-06 20:47:22.443 24187 24213 E TestRunner: failed: vertical_scroll_content_at_first_position(com.example.dogglers.VerticalListTests)
06-06 20:47:22.443 24187 24213 E TestRunner: ----- begin exception -----
06-06 20:47:22.446 24187 24213 E TestRunner: androidx.test.espresso.NoMatchingViewException: No views in hierarchy found matching: an instance of android.widget.TextView and view.getText() with or without transformation to match: is "7"
06-06 20:47:22.446 24187 24213 E TestRunner:
06-06 20:47:22.446 24187 24213 E TestRunner: View Hierarchy:
06-06 20:47:22.446 24187 24213 E TestRunner: +>DecorView{id=-1, visibility=VISIBLE, width=1080, height=2280, has-focus=false, has-focusable=true, has-window-focus=true, is-clickable=false, is-enabled=true, is-focused=false, is-focusable=false, is-layout-requested=false, is-selected=false, layout-params={(0,0)(fillxfill) ty=BASE_APPLICATION wanim=0x10302fe
06-06 20:47:22.446 24187 24213 E TestRunner:   fl=LAYOUT_IN_SCREEN LAYOUT_INSET_DECOR SPLIT_TOUCH HARDWARE_ACCELERATED DRAWS_SYSTEM_BAR_BACKGROUNDS
06-06 20:47:22.446 24187 24213 E TestRunner:   pfl=NO_MOVE_ANIMATION FORCE_DRAW_STATUS_BAR_BACKGROUND FIT_INSETS_CONTROLLED
06-06 20:47:22.446 24187 24213 E TestRunner:   bhv=DEFAULT
06-06 20:47:22.446 24187 24213 E TestRunner:   fitSides=}, tag=null, root-is-layout-requested=false, has-input-connection=false, x=0.0, y=0.0, child-count=3}
06-06 20:47:22.446 24187 24213 E TestRunner: |
06-06 20:47:22.446 24187 24213 E TestRunner: +->LinearLayout{id=-1, visibility=VISIBLE, width=1080, height=2148, has-focus=false, has-focusable=true, has-window-focus=true, is-clickable=false, is-enabled=true, is-focused=false, is-focusable=false, is-layout-requested=false, is-selected=false, layout-params=android.widget.FrameLayout$LayoutParams@9dafb48, tag=null, root-is-layout-requested=false, has-input-connection=false, x=0.0, y=0.0, child-count=2}
06-06 20:47:22.446 24187 24213 E TestRunner: |
06-06 20:47:22.446 24187 24213 E TestRunner: +-->ViewStub{id=16908720, res-name=action_mode_bar_stub, visibility=GONE, width=0, height=0, has-focus=false, has-focusable=false, has-window-focus=true, is-clickable=false, is-enabled=true, is-focused=false, is-focusable=false, is-layout-requested=true, is-selected=false, layout-params=android.widget.LinearLayout$LayoutParams@c7d1de1, tag=null, root-is-layout-requested=false, has-input-connection=false, x=0.0, y=0.0}
06-06 20:47:22.446 24187 24213 E TestRunner: |
06-06 20:47:22.446 24187 24213 E TestRunner: +-->FrameLayout{id=-1, visibility=VISIBLE, width=1080, height=2065, has-focus=false, has-focusable=true, has-window-focus=true, is-clickable=false, is-enabled=true, is-focused=false, is-focusable=false, is-layout-requested=false, is-selected=false, layout-params=android.widget.LinearLayout$LayoutParams@188b1c7, tag=null, root-is-layout-requested=false, has-input-connection=false, x=0.0, y=83.0, child-count=1}
06-06 20:47:22.446 24187 24213 E TestRunner: |
06-06 20:47:22.446 24187 24213 E TestRunner: +--->ActionBarOverlayLayout{id=2131230866, res-name=decor_content_parent, visibility=VISIBLE, width=1080, height=2065, has-focus=false, has-focusable=true, has-window-focus=true, is-clickable=false, is-enabled=true, is-focused=false, is-focusable=false, is-layout-requested=false, is-selected=false, layout-params=android.widget.FrameLayout$LayoutParams@d62fd92, tag=null, root-is-layout-requested=false, has-input-connection=false, x=0.0, y=0.0, child-count=2}
06-06 20:47:22.446 24187 24213 E TestRunner: |
06-06 20:47:22.446 24187 24213 E TestRunner: +---->ContentFrameLayout{id=16908290, res-name=content, visibility=VISIBLE, width=1080, height=1911, has-focus=false, has-focusable=true, has-window-focus=true, is-clickable=false, is-enabled=true, is-focused=false, is-focusable=false, is-layout-requested=false, is-selected=false, layout-params=androidx.appcompat.widget.ActionBarOverlayLayout$LayoutParams@863eb60, tag=null, root-is-layout-requested=false, has-input-connection=false, x=0.0, y=154.0, child-count=1}
06-06 20:47:22.446 24187 24213 E TestRunner: |
06-06 20:47:22.446 24187 24213 E TestRunner: +----->FrameLayout{id=-1, visibility=VISIBLE, width=1080, height=1911, has-focus=false, has-focusable=true, has-window-focus=true, is-clickable=false, is-enabled=true, is-focused=false, is-focusable=false, is-layout-requested=false, is-selected=false, layout-params=android.widget.FrameLayout$LayoutParams@32f60de, tag=null, root-is-layout-requested=false, has-input-connection=false, x=0.0, y=0.0, child-count=1}
06-06 20:47:22.446 24187 24213 E TestRunner: |
06-06 20:47:22.446 24187 24213 E TestRunner: +------>RecyclerView{id=2131231206, res-name=vertical_recycler_view, visibility=VISIBLE, width=1080, height=1911, has-focus=false, has-focusable=true, has-window-focus=true, is-clickable=false, is-enabled=true, is-focused=false, is-focusable=true, is-layout-requested=false, is-selected=false, layout-params=android.widget.FrameLayout$LayoutParams@6ccacea, tag=null, root-is-layout-requested=false, has-input-connection=false, x=0.0, y=0.0, child-count=3}
06-06 20:47:22.446 24187 24213 E TestRunner: |
06-06 20:47:22.446 24187 24213 E TestRunner: +------->MaterialCardView{id=-1, visibility=VISIBLE, width=1036, height=727, has-focus=false, has-focusable=false, has-window-focus=true, is-clickable=false, is-enabled=true, is-focused=false, is-focusable=false, is-layout-requested=false, is-selected=false, layout-params=androidx.recyclerview.widget.RecyclerView$LayoutParams@de7c678, tag=null, root-is-layout-requested=false, has-input-connection=false, x=22.0, y=22.0, is-checked=false, child-count=1}
06-06 20:47:22.446 24187 24213 E TestRunner: |
06-06 20:47:22.446 24187 24213 E TestRunner: +-------->ConstraintLayout{id=-1, visibility=VISIBLE, width=1036, height=727, has-focus=false, has-focusable=false, has-window-focus=true, is-clickable=false, is-enabled=true, is-focused=false, is-focusable=false, is-layout-requested=false, is-selected=false, layout-params=android.widget.FrameLayout$LayoutParams@72ea18d, tag=null, root-is-layout-requested=false, has-input-connection=false, x=0.0, y=0.0, child-count=4}
06-06 20:47:22.446 24187 24213 E TestRunner: |
06-06 20:47:22.446 24187 24213 E TestRunner: +--------->AppCompatImageView{id=2131230886, res-name=dog_picture, visibility=VISIBLE, width=1036, height=534, has-focus=false, has-focusable=false, has-window-focus=true, is-clickable=false, is-enabled=true, is-focused=false, is-focusable=false, is-layout-requested=false, is-selected=false, layout-params=androidx.constraintlayout.widget.ConstraintLayout$LayoutParams@421ef42, tag=null, root-is-layout-requested=false, has-input-connection=false, x=0.0, y=0.0}
06-06 20:47:22.446 24187 24213 E TestRunner: |
06-06 20:47:22.446 24187 24213 E TestRunner: +--------->MaterialTextView{id=2131230885, res-name=dog_name, visibility=VISIBLE, width=169, height=74, has-focus=false, has-focusable=false, has-window-focus=true, is-clickable=false, is-enabled=true, is-focused=false, is-focusable=false, is-layout-requested=false, is-selected=false, layout-params=androidx.constraintlayout.widget.ConstraintLayout$LayoutParams@8652b53, tag=null, root-is-layout-requested=false, has-input-connection=false, x=22.0, y=534.0, text=Tzeitel, input-type=0, ime-target=false, has-links=false}
06-06 20:47:22.446 24187 24213 E TestRunner: |
06-06 20:47:22.446 24187 24213 E TestRunner: +--------->MaterialTextView{id=2131230883, res-name=dog_age, visibility=VISIBLE, width=109, height=53, has-focus=false, has-focusable=false, has-window-focus=true, is-clickable=false, is-enabled=true, is-focused=false, is-focusable=false, is-layout-requested=false, is-selected=false, layout-params=androidx.constraintlayout.widget.ConstraintLayout$LayoutParams@b78ec90, tag=null, root-is-layout-requested=false, has-input-connection=false, x=22.0, y=652.0, text=Age: 7, input-type=0, ime-target=false, has-links=false}
06-06 20:47:22.446 24187 24213 E TestRunner: |
06-06 20:47:22.446 24187 24213 E TestRunner: +--------->MaterialTextView{id=2131230884, res-name=dog_hobbies, visibility=VISIBLE, width=357, height=53, has-focus=false, has-focusable=false, has-window-focus=true, is-clickable=false, is-enabled=true, is-focused=false, is-focusable=false, is-layout-requested=false, is-selected=false, layout-params=androidx.constraintlayout.widget.ConstraintLayout$LayoutParams@1f0c989, tag=null, root-is-layout-requested=false, has-input-connection=false, x=657.0, y=652.0, text=Hobbies: sunbathing, input-type=0, ime-target=false, has-links=false}
06-06 20:47:22.446 24187 24213 E TestRunner: |
06-06 20:47:22.446 24187 24213 E TestRunner: +------->MaterialCardView{id=-1, visibility=VISIBLE, width=1036, height=727, has-focus=false, has-focusable=false, has-window-focus=true, is-clickable=false, is-enabled=true, is-focused=false, is-focusable=false, is-layout-requested=false, is-selected=false, layout-params=androidx.recyclerview.widget.RecyclerView$LayoutParams@38d29af, tag=null, root-is-layout-requested=false, has-input-connection=false, x=22.0, y=793.0, is-checked=false, child-count=1}
06-06 20:47:22.446 24187 24213 E TestRunner: |
06-06 20:47:22.446 24187 24213 E TestRunner: +-------->ConstraintLayout{id=-1, visibility=VISIBLE, width=1036, height=727, has-focus=false, has-focusable=false, has-window-focus=true, is-clickable=false, is-enabled=true, is-focused=false, is-focusable=false, is-layout-requested=false, is-selected=false, layout-params=android.widget.FrameLayout$LayoutParams@615bda8, tag=null, root-is-layout-requested=false, has-input-connection=false, x=0.0, y=0.0, child-count=4}
06-06 20:47:22.446 24187 24213 E TestRunner: |
06-06 20:47:22.447 24187 24213 E TestRunner: +--------->AppCompatImageView{id=2131230886, res-name=dog_picture, visibility=VISIBLE, width=1036, height=534, has-focus=false, has-focusable=false, has-window-focus=true, is-clickable=false, is-enabled=true, is-focused=false, is-focusable=false, is-layout-requested=false, is-selected=false, layout-params=androidx.constraintlayout.widget.ConstraintLayout$LayoutParams@efb20c1, tag=null, root-is-layout-requested=false, has-input-connection=false, x=0.0, y=0.0}
06-06 20:47:22.447 24187 24213 E TestRunner: |
06-06 20:47:22.447 24187 24213 E TestRunner: +--------->MaterialTextView{id=2131230885, res-name=dog_name, visibility=VISIBLE, width=139, height=74, has-focus=false, has-focusable=false, has-window-focus=true, is-clickable=false, is-enabled=true, is-focused=false, is-focusable=false, is-layout-requested=false, is-selected=false, layout-params=androidx.constraintlayout.widget.ConstraintLayout$LayoutParams@b2df066, tag=null, root-is-layout-requested=false, has-input-connection=false, x=22.0, y=534.0, text=Leroy, input-type=0, ime-target=false, has-links=false}
06-06 20:47:22.447 24187 24213 E TestRunner: |
06-06 20:47:22.447 24187 24213 E TestRunner: +--------->MaterialTextView{id=2131230883, res-name=dog_age, visibility=VISIBLE, width=109, height=53, has-focus=false, has-focusable=false, has-window-focus=true, is-clickable=false, is-enabled=true, is-focused=false, is-focusable=false, is-layout-requested=false, is-selected=false, layout-params=androidx.constraintlayout.widget.ConstraintLayout$LayoutParams@6b29fa7, tag=null, root-is-layout-requested=false, has-input-connection=false, x=22.0, y=652.0, text=Age: 4, input-type=0, ime-target=false, has-links=false}
06-06 20:47:22.447 24187 24213 E TestRunner: |
06-06 20:47:22.447 24187 24213 E TestRunner: +--------->MaterialTextView{id=2131230884, res-name=dog_hobbies, visibility=VISIBLE, width=668, height=53, has-focus=false, has-focusable=false, has-window-focus=true, is-clickable=false, is-enabled=true, is-focused=false, is-focusable=false, is-layout-requested=false, is-selected=false, layout-params=androidx.constraintlayout.widget.ConstraintLayout$LayoutParams@8dd0c54, tag=null, root-is-layout-requested=false, has-input-connection=false, x=346.0, y=652.0, text=Hobbies: sleeping in dangerous places, input-type=0, ime-target=false, has-links=false}
06-06 20:47:22.447 24187 24213 E TestRunner: |
06-06 20:47:22.447 24187 24213 E TestRunner: +------->MaterialCardView{id=-1, visibility=VISIBLE, width=1036, height=727, has-focus=false, has-focusable=false, has-window-focus=true, is-clickable=false, is-enabled=true, is-focused=false, is-focusable=false, is-layout-requested=false, is-selected=false, layout-params=androidx.recyclerview.widget.RecyclerView$LayoutParams@518acf2, tag=null, root-is-layout-requested=false, has-input-connection=false, x=22.0, y=1564.0, is-checked=false, child-count=1}
06-06 20:47:22.447 24187 24213 E TestRunner: |
06-06 20:47:22.447 24187 24213 E TestRunner: +-------->ConstraintLayout{id=-1, visibility=VISIBLE, width=1036, height=727, has-focus=false, has-focusable=false, has-window-focus=true, is-clickable=false, is-enabled=true, is-focused=false, is-focusable=false, is-layout-requested=false, is-selected=false, layout-params=android.widget.FrameLayout$LayoutParams@f61dc9f, tag=null, root-is-layout-requested=false, has-input-connection=false, x=0.0, y=0.0, child-count=4}
06-06 20:47:22.447 24187 24213 E TestRunner: |
06-06 20:47:22.447 24187 24213 E TestRunner: +--------->AppCompatImageView{id=2131230886, res-name=dog_picture, visibility=VISIBLE, width=1036, height=534, has-focus=false, has-focusable=false, has-window-focus=true, is-clickable=false, is-enabled=true, is-focused=false, is-focusable=false, is-layout-requested=false, is-selected=false, layout-params=androidx.constraintlayout.widget.ConstraintLayout$LayoutParams@fdd91ec, tag=null, root-is-layout-requested=false, has-input-connection=false, x=0.0, y=0.0}
06-06 20:47:22.447 24187 24213 E TestRunner: |
06-06 20:47:22.447 24187 24213 E TestRunner: +--------->MaterialTextView{id=2131230885, res-name=dog_name, visibility=VISIBLE, width=186, height=74, has-focus=false, has-focusable=false, has-window-focus=true, is-clickable=false, is-enabled=true, is-focused=false, is-focusable=false, is-layout-requested=false, is-selected=false, layout-params=androidx.constraintlayout.widget.ConstraintLayout$LayoutParams@c5539b5, tag=null, root-is-layout-requested=false, has-input-connection=false, x=22.0, y=534.0, text=Frankie, input-type=0, ime-target=false, has-links=false}
06-06 20:47:22.447 24187 24213 E TestRunner: |
06-06 20:47:22.455 24187 24213 E TestRunner: +--------->MaterialTextView{id=2131230883, res-name=dog_age, visibility=VISIBLE, width=109, height=53, has-focus=false, has-focusable=false, has-window-focus=true, is-clickable=false, is-enabled=true, is-focused=false, is-focusable=false, is-layout-requested=false, is-selected=false, layout-params=androidx.constraintlayout.widget.ConstraintLayout$LayoutParams@edce84a, tag=null, root-is-layout-requested=false, has-input-connection=false, x=22.0, y=652.0, text=Age: 2, input-type=0, ime-target=false, has-links=false}
06-06 20:47:22.455 24187 24213 E TestRunner: |
06-06 20:47:22.455 24187 24213 E TestRunner: +--------->MaterialTextView{id=2131230884, res-name=dog_hobbies, visibility=VISIBLE, width=412, height=53, has-focus=false, has-focusable=false, has-window-focus=true, is-clickable=false, is-enabled=true, is-focused=false, is-focusable=false, is-layout-requested=false, is-selected=false, layout-params=androidx.constraintlayout.widget.ConstraintLayout$LayoutParams@611a3bb, tag=null, root-is-layout-requested=false, has-input-connection=false, x=602.0, y=652.0, text=Hobbies: stealing socks, input-type=0, ime-target=false, has-links=false}
06-06 20:47:22.455 24187 24213 E TestRunner: |
06-06 20:47:22.455 24187 24213 E TestRunner: +---->ActionBarContainer{id=2131230774, res-name=action_bar_container, visibility=VISIBLE, width=1080, height=154, has-focus=false, has-focusable=false, has-window-focus=true, is-clickable=false, is-enabled=true, is-focused=false, is-focusable=false, is-layout-requested=false, is-selected=false, layout-params=androidx.appcompat.widget.ActionBarOverlayLayout$LayoutParams@8093f16, tag=null, root-is-layout-requested=false, has-input-connection=false, x=0.0, y=0.0, child-count=2}
06-06 20:47:22.455 24187 24213 E TestRunner: |
06-06 20:47:22.455 24187 24213 E TestRunner: +----->Toolbar{id=2131230772, res-name=action_bar, visibility=VISIBLE, width=1080, height=154, has-focus=false, has-focusable=false, has-window-focus=true, is-clickable=false, is-enabled=true, is-focused=false, is-focusable=false, is-layout-requested=false, is-selected=false, layout-params=android.widget.FrameLayout$LayoutParams@3d236a2, tag=null, root-is-layout-requested=false, has-input-connection=false, x=0.0, y=0.0, child-count=3}
06-06 20:47:22.455 24187 24213 E TestRunner: |
06-06 20:47:22.455 24187 24213 E TestRunner: +------>AppCompatTextView{id=-1, visibility=VISIBLE, width=225, height=74, has-focus=false, has-focusable=false, has-window-focus=true, is-clickable=false, is-enabled=true, is-focused=false, is-focusable=false, is-layout-requested=false, is-selected=false, layout-params=androidx.appcompat.widget.Toolbar$LayoutParams@72cf33, tag=null, root-is-layout-requested=false, has-input-connection=false, x=198.0, y=40.0, text=Dogglers, input-type=0, ime-target=false, has-links=false}
06-06 20:47:22.455 24187 24213 E TestRunner: |
06-06 20:47:22.455 24187 24213 E TestRunner: +------>AppCompatImageButton{id=-1, desc=Navigate up, visibility=VISIBLE, width=154, height=154, has-focus=false, has-focusable=false, has-window-focus=true, is-clickable=true, is-enabled=true, is-focused=false, is-focusable=true, is-layout-requested=false, is-selected=false, layout-params=androidx.appcompat.widget.Toolbar$LayoutParams@75f2f0, tag=null, root-is-layout-requested=false, has-input-connection=false, x=0.0, y=0.0}
06-06 20:47:22.455 24187 24213 E TestRunner: |
06-06 20:47:22.455 24187 24213 E TestRunner: +------>ActionMenuView{id=-1, visibility=VISIBLE, width=0, height=154, has-focus=false, has-focusable=false, has-window-focus=true, is-clickable=false, is-enabled=true, is-focused=false, is-focusable=false, is-layout-requested=false, is-selected=false, layout-params=androidx.appcompat.widget.Toolbar$LayoutParams@7ddc069, tag=null, root-is-layout-requested=false, has-input-connection=false, x=1080.0, y=0.0, child-count=0}
06-06 20:47:22.455 24187 24213 E TestRunner: |
06-06 20:47:22.455 24187 24213 E TestRunner: +----->ActionBarContextView{id=2131230780, res-name=action_context_bar, visibility=GONE, width=0, height=0, has-focus=false, has-focusable=false, has-window-focus=true, is-clickable=false, is-enabled=true, is-focused=false, is-focusable=false, is-layout-requested=true, is-selected=false, layout-params=android.widget.FrameLayout$LayoutParams@4411aee, tag=null, root-is-layout-requested=false, has-input-connection=false, x=0.0, y=0.0, child-count=0}
06-06 20:47:22.455 24187 24213 E TestRunner: |
06-06 20:47:22.456 24187 24213 E TestRunner: +->View{id=16908336, res-name=navigationBarBackground, visibility=VISIBLE, width=1080, height=132, has-focus=false, has-focusable=false, has-window-focus=true, is-clickable=false, is-enabled=true, is-focused=false, is-focusable=false, is-layout-requested=false, is-selected=false, layout-params=android.widget.FrameLayout$LayoutParams@8012b8f, tag=null, root-is-layout-requested=false, has-input-connection=false, x=0.0, y=2148.0}
06-06 20:47:22.456 24187 24213 E TestRunner: |
06-06 20:47:22.456 24187 24213 E TestRunner: +->View{id=16908335, res-name=statusBarBackground, visibility=VISIBLE, width=1080, height=83, has-focus=false, has-focusable=false, has-window-focus=true, is-clickable=false, is-enabled=true, is-focused=false, is-focusable=false, is-layout-requested=false, is-selected=false, layout-params=android.widget.FrameLayout$LayoutParams@35f4e1c, tag=null, root-is-layout-requested=false, has-input-connection=false, x=0.0, y=0.0}
06-06 20:47:22.456 24187 24213 E TestRunner: 	at dalvik.system.VMStack.getThreadStackTrace(Native Method)
06-06 20:47:22.456 24187 24213 E TestRunner: 	at java.lang.Thread.getStackTrace(Thread.java:1724)
06-06 20:47:22.456 24187 24213 E TestRunner: 	at androidx.test.espresso.base.DefaultFailureHandler.getUserFriendlyError(DefaultFailureHandler.java:12)
06-06 20:47:22.456 24187 24213 E TestRunner: 	at androidx.test.espresso.base.DefaultFailureHandler.handle(DefaultFailureHandler.java:7)
06-06 20:47:22.456 24187 24213 E TestRunner: 	at androidx.test.espresso.ViewInteraction.waitForAndHandleInteractionResults(ViewInteraction.java:8)
06-06 20:47:22.456 24187 24213 E TestRunner: 	at androidx.test.espresso.ViewInteraction.check(ViewInteraction.java:12)
06-06 20:47:22.456 24187 24213 E TestRunner: 	at com.example.dogglers.BaseTest.hasListItemContent(BaseTest.kt:59)
06-06 20:47:22.456 24187 24213 E TestRunner: 	at com.example.dogglers.BaseTest.checkFirstPosition(BaseTest.kt:70)
06-06 20:47:22.456 24187 24213 E TestRunner: 	at com.example.dogglers.VerticalListTests.vertical_scroll_content_at_first_position(VerticalListTests.kt:42)
06-06 20:47:22.456 24187 24213 E TestRunner: 	at java.lang.reflect.Method.invoke(Native Method)
06-06 20:47:22.456 24187 24213 E TestRunner: 	at org.junit.runners.model.FrameworkMethod$1.runReflectiveCall(FrameworkMethod.java:50)
06-06 20:47:22.456 24187 24213 E TestRunner: 	at org.junit.internal.runners.model.ReflectiveCallable.run(ReflectiveCallable.java:12)
06-06 20:47:22.456 24187 24213 E TestRunner: 	at org.junit.runners.model.FrameworkMethod.invokeExplosively(FrameworkMethod.java:47)
06-06 20:47:22.456 24187 24213 E TestRunner: 	at org.junit.internal.runners.statements.InvokeMethod.evaluate(InvokeMethod.java:17)
06-06 20:47:22.456 24187 24213 E TestRunner: 	at org.junit.rules.ExternalResource$1.evaluate(ExternalResource.java:48)
06-06 20:47:22.456 24187 24213 E TestRunner: 	at org.junit.rules.RunRules.evaluate(RunRules.java:20)
06-06 20:47:22.456 24187 24213 E TestRunner: 	at org.junit.runners.ParentRunner.runLeaf(ParentRunner.java:325)
06-06 20:47:22.456 24187 24213 E TestRunner: 	at org.junit.runners.BlockJUnit4ClassRunner.runChild(BlockJUnit4ClassRunner.java:78)
06-06 20:47:22.456 24187 24213 E TestRunner: 	at org.junit.runners.BlockJUnit4ClassRunner.runChild(BlockJUnit4ClassRunner.java:57)
06-06 20:47:22.456 24187 24213 E TestRunner: 	at org.junit.runners.ParentRunner$3.run(ParentRunner.java:290)
06-06 20:47:22.456 24187 24213 E TestRunner: 	at org.junit.runners.ParentRunner$1.schedule(ParentRunner.java:71)
06-06 20:47:22.456 24187 24213 E TestRunner: 	at org.junit.runners.ParentRunner.runChildren(ParentRunner.java:288)
06-06 20:47:22.456 24187 24213 E TestRunner: 	at org.junit.runners.ParentRunner.access$000(ParentRunner.java:58)
06-06 20:47:22.456 24187 24213 E TestRunner: 	at org.junit.runners.ParentRunner$2.evaluate(ParentRunner.java:268)
06-06 20:47:22.456 24187 24213 E TestRunner: 	at org.junit.runners.ParentRunner.run(ParentRunner.java:363)
06-06 20:47:22.456 24187 24213 E TestRunner: 	at androidx.test.ext.junit.runners.AndroidJUnit4.run(AndroidJUnit4.java:162)
06-06 20:47:22.456 24187 24213 E TestRunner: 	at org.junit.runners.Suite.runChild(Suite.java:128)
06-06 20:47:22.456 24187 24213 E TestRunner: 	at org.junit.runners.Suite.runChild(Suite.java:27)
06-06 20:47:22.456 24187 24213 E TestRunner: 	at org.junit.runners.ParentRunner$3.run(ParentRunner.java:290)
06-06 20:47:22.456 24187 24213 E TestRunner: 	at org.junit.runners.ParentRunner$1.schedule(ParentRunner.java:71)
06-06 20:47:22.456 24187 24213 E TestRunner: 	at org.junit.runners.ParentRunner.runChildren(ParentRunner.java:288)
06-06 20:47:22.456 24187 24213 E TestRunner: 	at org.junit.runners.ParentRunner.access$000(ParentRunner.java:58)
06-06 20:47:22.456 24187 24213 E TestRunner: 	at org.junit.runners.ParentRunner$2.evaluate(ParentRunner.java:268)
06-06 20:47:22.456 24187 24213 E TestRunner: 	at org.junit.runners.ParentRunner.run(ParentRunner.java:363)
06-06 20:47:22.456 24187 24213 E TestRunner: 	at org.junit.runner.JUnitCore.run(JUnitCore.java:137)
06-06 20:47:22.456 24187 24213 E TestRunner: 	at org.junit.runner.JUnitCore.run(JUnitCore.java:115)
06-06 20:47:22.456 24187 24213 E TestRunner: 	at androidx.test.internal.runner.TestExecutor.execute(TestExecutor.java:56)
06-06 20:47:22.456 24187 24213 E TestRunner: 	at androidx.test.runner.AndroidJUnitRunner.onStart(AndroidJUnitRunner.java:444)
06-06 20:47:22.456 24187 24213 E TestRunner: 	at android.app.Instrumentation$InstrumentationThread.run(Instrumentation.java:2248)
06-06 20:47:22.457 24187 24213 E TestRunner: ----- end exception -----
06-06 20:47:22.480 24187 24213 I TestRunner: finished: vertical_scroll_content_at_first_position(com.example.dogglers.VerticalListTests)
