06-06 20:47:14.108 24187 24213 I TestRunner: started: vertical_scroll_content_at_last_position(com.example.dogglers.VerticalListTests)
06-06 20:47:14.138 24187 24213 W Settings: Setting always_finish_activities has moved from android.provider.Settings.System to android.provider.Settings.Global, returning read-only value.
06-06 20:47:14.182  7714  7738 D SplashScreenView: Build android.window.SplashScreenView{32a8f33 V.E...... ......ID 0,0-0,0}
06-06 20:47:14.182  7714  7738 D SplashScreenView: Icon: view: null drawable: null size: 0
06-06 20:47:14.182  7714  7738 D SplashScreenView: Branding: view: android.view.View{532b2f0 G.ED..... ......I. 0,0-0,0 #10204a6 android:id/splashscreen_branding_view} drawable: null size w: 0 h: 0
06-06 20:47:14.228 24187 24187 D LifecycleMonitor: Lifecycle status change: androidx.test.core.app.InstrumentationActivityInvoker$BootstrapActivity@f3cb04c in: PRE_ON_CREATE
06-06 20:47:14.229 24187 24187 V ActivityScenario: Activity lifecycle changed event received but ignored because the intent does not match. startActivityIntent=Intent { act=android.intent.action.MAIN cat=[android.intent.category.LAUNCHER] cmp=com.example.dogglers/.VerticalListActivity }, activity.getIntent()=Intent { act=android.intent.action.MAIN cat=[android.intent.category.LAUNCHER] flg=0x10008000 cmp=com.example.dogglers/androidx.test.core.app.InstrumentationActivityInvoker$BootstrapActivity (has extras) }, activity=androidx.test.core.app.InstrumentationActivityInvoker$BootstrapActivity@f3cb04c
06-06 20:47:14.251 24187 24187 D LifecycleMonitor: Lifecycle status change: androidx.test.core.app.InstrumentationActivityInvoker$BootstrapActivity@f3cb04c in: CREATED
06-06 20:47:14.253 24187 24187 V ActivityScenario: Activity lifecycle changed event received but ignored because the intent does not match. startActivityIntent=Intent { act=android.intent.action.MAIN cat=[android.intent.category.LAUNCHER] cmp=com.example.dogglers/.VerticalListActivity }, activity.getIntent()=Intent { act=android.intent.action.MAIN cat=[android.intent.category.LAUNCHER] flg=0x10008000 cmp=com.example.dogglers/androidx.test.core.app.InstrumentationActivityInvoker$BootstrapActivity (has extras) }, activity=androidx.test.core.app.InstrumentationActivityInvoker$BootstrapActivity@f3cb04c
06-06 20:47:14.259 24187 24187 D LifecycleMonitor: Lifecycle status change: androidx.test.core.app.InstrumentationActivityInvoker$BootstrapActivity@f3cb04c in: STARTED
06-06 20:47:14.261 24187 24187 V ActivityScenario: Activity lifecycle changed event received but ignored because the intent does not match. startActivityIntent=Intent { act=android.intent.action.MAIN cat=[android.intent.category.LAUNCHER] cmp=com.example.dogglers/.VerticalListActivity }, activity.getIntent()=Intent { act=android.intent.action.MAIN cat=[android.intent.category.LAUNCHER] flg=0x10008000 cmp=com.example.dogglers/androidx.test.core.app.InstrumentationActivityInvoker$BootstrapActivity (has extras) }, activity=androidx.test.core.app.InstrumentationActivityInvoker$BootstrapActivity@f3cb04c
06-06 20:47:14.286 24187 24187 D LifecycleMonitor: Lifecycle status change: androidx.test.core.app.InstrumentationActivityInvoker$BootstrapActivity@f3cb04c in: RESUMED
06-06 20:47:14.287 24187 24187 V ActivityScenario: Activity lifecycle changed event received but ignored because the intent does not match. startActivityIntent=Intent { act=android.intent.action.MAIN cat=[android.intent.category.LAUNCHER] cmp=com.example.dogglers/.VerticalListActivity }, activity.getIntent()=Intent { act=android.intent.action.MAIN cat=[android.intent.category.LAUNCHER] flg=0x10008000 cmp=com.example.dogglers/androidx.test.core.app.InstrumentationActivityInvoker$BootstrapActivity (has extras) }, activity=androidx.test.core.app.InstrumentationActivityInvoker$BootstrapActivity@f3cb04c
06-06 20:47:14.297 24187 24187 D LifecycleMonitor: Lifecycle status change: androidx.test.core.app.InstrumentationActivityInvoker$BootstrapActivity@f3cb04c in: PAUSED
06-06 20:47:14.298 24187 24187 V ActivityScenario: Activity lifecycle changed event received but ignored because the intent does not match. startActivityIntent=Intent { act=android.intent.action.MAIN cat=[android.intent.category.LAUNCHER] cmp=com.example.dogglers/.VerticalListActivity }, activity.getIntent()=Intent { act=android.intent.action.MAIN cat=[android.intent.category.LAUNCHER] flg=0x10008000 cmp=com.example.dogglers/androidx.test.core.app.InstrumentationActivityInvoker$BootstrapActivity (has extras) }, activity=androidx.test.core.app.InstrumentationActivityInvoker$BootstrapActivity@f3cb04c
06-06 20:47:14.315  7714  7739 D EGL_emulation: app_time_stats: avg=30.17ms min=2.53ms max=334.02ms count=20
06-06 20:47:14.341  7714  7738 D SplashScreenView: Build android.window.SplashScreenView{17eb7fa V.E...... ......ID 0,0-0,0}
06-06 20:47:14.341  7714  7738 D SplashScreenView: Icon: view: null drawable: null size: 0
06-06 20:47:14.341  7714  7738 D SplashScreenView: Branding: view: android.view.View{45eb1ab G.ED..... ......I. 0,0-0,0 #10204a6 android:id/splashscreen_branding_view} drawable: null size w: 0 h: 0
06-06 20:47:14.348 24187 24187 D LifecycleMonitor: Lifecycle status change: com.example.dogglers.VerticalListActivity@9606a76 in: PRE_ON_CREATE
06-06 20:47:14.350 24187 24187 V ActivityScenario: Activity lifecycle changed event received but ignored because the reported transition was not ON_CREATE while the last known transition was PRE_ON_CREATE
06-06 20:47:14.434 24187 24187 D LifecycleMonitor: Lifecycle status change: com.example.dogglers.VerticalListActivity@9606a76 in: CREATED
06-06 20:47:14.436 24187 24187 V ActivityScenario: Update currentActivityStage to CREATED, currentActivity=com.example.dogglers.VerticalListActivity@9606a76
06-06 20:47:14.441 24187 24187 D LifecycleMonitor: Lifecycle status change: com.example.dogglers.VerticalListActivity@9606a76 in: STARTED
06-06 20:47:14.445 24187 24187 V ActivityScenario: Update currentActivityStage to STARTED, currentActivity=com.example.dogglers.VerticalListActivity@9606a76
06-06 20:47:14.450 24187 24187 D LifecycleMonitor: Lifecycle status change: com.example.dogglers.VerticalListActivity@9606a76 in: RESUMED
06-06 20:47:14.453 24187 24187 V ActivityScenario: Update currentActivityStage to RESUMED, currentActivity=com.example.dogglers.VerticalListActivity@9606a76
06-06 20:47:14.494 24187 24187 D LifecycleMonitor: Lifecycle status change: androidx.test.core.app.InstrumentationActivityInvoker$BootstrapActivity@f3cb04c in: STOPPED
06-06 20:47:14.495 24187 24187 V ActivityScenario: Activity lifecycle changed event received but ignored because the intent does not match. startActivityIntent=Intent { act=android.intent.action.MAIN cat=[android.intent.category.LAUNCHER] cmp=com.example.dogglers/.VerticalListActivity }, activity.getIntent()=Intent { act=android.intent.action.MAIN cat=[android.intent.category.LAUNCHER] flg=0x10008000 cmp=com.example.dogglers/androidx.test.core.app.InstrumentationActivityInvoker$BootstrapActivity (has extras) }, activity=androidx.test.core.app.InstrumentationActivityInvoker$BootstrapActivity@f3cb04c
06-06 20:47:14.549   352   412 D goldfish-address-space: claimShared: Ask to claim region [0x3eb43b000 0x3ebda0000]
06-06 20:47:14.593   352   412 D goldfish-address-space: claimShared: Ask to claim region [0x3e8c06000 0x3e956b000]
06-06 20:47:14.603   352   412 D goldfish-address-space: claimShared: Ask to claim region [0x3e956b000 0x3e9ed0000]
06-06 20:47:14.613   352 10162 D goldfish-address-space: claimShared: Ask to claim region [0x3ec965000 0x3ed2ca000]
06-06 20:47:14.631   352 10162 D goldfish-address-space: claimShared: Ask to claim region [0x3ed2ca000 0x3edc2f000]
06-06 20:47:14.638   352 10162 D goldfish-address-space: claimShared: Ask to claim region [0x3edc2f000 0x3ee594000]
06-06 20:47:14.690   352 10162 D goldfish-address-space: claimShared: Ask to claim region [0x3ea835000 0x3eae38000]
06-06 20:47:14.855  1768  1787 I ActivityTaskManager: Displayed com.example.dogglers/.VerticalListActivity: +690ms
06-06 20:47:14.900  3720  3720 I GoogleInputMethodService: GoogleInputMethodService.onFinishInput():3420
06-06 20:47:14.901  3720  3720 I GoogleInputMethodService: GoogleInputMethodService.onStartInput():2002
06-06 20:47:14.905  3720  3720 I DeviceUnlockedTag: DeviceUnlockedTag.notifyDeviceLockStatusChanged():31 Notify device unlocked.
06-06 20:47:14.986 24187 24187 I ViewInteraction: Performing 'scroll RecyclerView to position: 5' action on view view.getId() is <2131231206/com.example.dogglers:id/vertical_recycler_view>
06-06 20:47:15.186  1768  2660 W InputManager-JNI: Input channel object '9e74a3c Splash Screen com.example.dogglers (client)' was disposed without first being removed with the input manager!
06-06 20:47:15.332 24187 24187 I ViewInteraction: Checking 'MatchesViewAssertion{viewMatcher=(view has effective visibility <VISIBLE> and view.getGlobalVisibleRect() to return non-empty rectangle)}' assertion on view an instance of android.widget.TextView and view.getText() with or without transformation to match: is "Bella"
06-06 20:47:15.463  7714  7739 D EGL_emulation: app_time_stats: avg=36.02ms min=4.59ms max=368.75ms count=21
06-06 20:47:15.773 24187 24187 D LifecycleMonitor: Lifecycle status change: com.example.dogglers.VerticalListActivity@9606a76 in: PAUSED
06-06 20:47:15.776 24187 24187 V ActivityScenario: Update currentActivityStage to PAUSED, currentActivity=com.example.dogglers.VerticalListActivity@9606a76
06-06 20:47:15.806 24187 24187 D LifecycleMonitor: Lifecycle status change: androidx.test.core.app.InstrumentationActivityInvoker$EmptyActivity@c4ba2a6 in: PRE_ON_CREATE
06-06 20:47:15.807 24187 24187 V ActivityScenario: Activity lifecycle changed event received but ignored because the intent does not match. startActivityIntent=Intent { act=android.intent.action.MAIN cat=[android.intent.category.LAUNCHER] cmp=com.example.dogglers/.VerticalListActivity }, activity.getIntent()=Intent { act=android.intent.action.MAIN cat=[android.intent.category.LAUNCHER] flg=0x10000000 cmp=com.example.dogglers/androidx.test.core.app.InstrumentationActivityInvoker$EmptyActivity }, activity=androidx.test.core.app.InstrumentationActivityInvoker$EmptyActivity@c4ba2a6
06-06 20:47:15.846 24187 24187 D LifecycleMonitor: Lifecycle status change: androidx.test.core.app.InstrumentationActivityInvoker$EmptyActivity@c4ba2a6 in: CREATED
06-06 20:47:15.848 24187 24187 V ActivityScenario: Activity lifecycle changed event received but ignored because the intent does not match. startActivityIntent=Intent { act=android.intent.action.MAIN cat=[android.intent.category.LAUNCHER] cmp=com.example.dogglers/.VerticalListActivity }, activity.getIntent()=Intent { act=android.intent.action.MAIN cat=[android.intent.category.LAUNCHER] flg=0x10000000 cmp=com.example.dogglers/androidx.test.core.app.InstrumentationActivityInvoker$EmptyActivity }, activity=androidx.test.core.app.InstrumentationActivityInvoker$EmptyActivity@c4ba2a6
06-06 20:47:15.861 24187 24187 D LifecycleMonitor: Lifecycle status change: androidx.test.core.app.InstrumentationActivityInvoker$EmptyActivity@c4ba2a6 in: STARTED
06-06 20:47:15.870 24187 24187 V ActivityScenario: Activity lifecycle changed event received but ignored because the intent does not match. startActivityIntent=Intent { act=android.intent.action.MAIN cat=[android.intent.category.LAUNCHER] cmp=com.example.dogglers/.VerticalListActivity }, activity.getIntent()=Intent { act=android.intent.action.MAIN cat=[android.intent.category.LAUNCHER] flg=0x10000000 cmp=com.example.dogglers/androidx.test.core.app.InstrumentationActivityInvoker$EmptyActivity }, activity=androidx.test.core.app.InstrumentationActivityInvoker$EmptyActivity@c4ba2a6
06-06 20:47:15.886 24187 24187 D LifecycleMonitor: Lifecycle status change: androidx.test.core.app.InstrumentationActivityInvoker$EmptyActivity@c4ba2a6 in: RESUMED
06-06 20:47:15.887 24187 24187 V ActivityScenario: Activity lifecycle changed event received but ignored because the intent does not match. startActivityIntent=Intent { act=android.intent.action.MAIN cat=[android.intent.category.LAUNCHER] cmp=com.example.dogglers/.VerticalListActivity }, activity.getIntent()=Intent { act=android.intent.action.MAIN cat=[android.intent.category.LAUNCHER] flg=0x10000000 cmp=com.example.dogglers/androidx.test.core.app.InstrumentationActivityInvoker$EmptyActivity }, activity=androidx.test.core.app.InstrumentationActivityInvoker$EmptyActivity@c4ba2a6
06-06 20:47:15.940   352 10162 D goldfish-address-space: claimShared: Ask to claim region [0x3e9ed0000 0x3ea835000]
06-06 20:47:15.966   352 10162 D goldfish-address-space: claimShared: Ask to claim region [0x3eeef9000 0x3ef85e000]
06-06 20:47:15.978   352 10162 D goldfish-address-space: claimShared: Ask to claim region [0x3ec000000 0x3ec965000]
06-06 20:47:16.045  1768  1787 I ActivityTaskManager: Displayed com.example.dogglers/androidx.test.core.app.InstrumentationActivityInvoker$EmptyActivity: +286ms
06-06 20:47:16.075 24187 24216 D EGL_emulation: app_time_stats: avg=56.32ms min=6.18ms max=306.36ms count=17
06-06 20:47:16.092 24187 24187 D LifecycleMonitor: Lifecycle status change: com.example.dogglers.VerticalListActivity@9606a76 in: STOPPED
06-06 20:47:16.093 24187 24187 V ActivityScenario: Update currentActivityStage to STOPPED, currentActivity=com.example.dogglers.VerticalListActivity@9606a76
06-06 20:47:16.099 24187 24187 D LifecycleMonitor: Lifecycle status change: com.example.dogglers.VerticalListActivity@9606a76 in: DESTROYED
06-06 20:47:16.099 24187 24187 V ActivityScenario: Update currentActivityStage to DESTROYED, currentActivity=null
06-06 20:47:16.114  1768  2660 W InputManager-JNI: Input channel object '15bb44b com.example.dogglers/com.example.dogglers.VerticalListActivity (client)' was disposed without first being removed with the input manager!
06-06 20:47:16.142 24187 24187 D LifecycleMonitor: Lifecycle status change: androidx.test.core.app.InstrumentationActivityInvoker$EmptyActivity@c4ba2a6 in: PAUSED
06-06 20:47:16.145 24187 24187 V ActivityScenario: Activity lifecycle changed event received but ignored because the intent does not match. startActivityIntent=Intent { act=android.intent.action.MAIN cat=[android.intent.category.LAUNCHER] cmp=com.example.dogglers/.VerticalListActivity }, activity.getIntent()=Intent { act=android.intent.action.MAIN cat=[android.intent.category.LAUNCHER] flg=0x10000000 cmp=com.example.dogglers/androidx.test.core.app.InstrumentationActivityInvoker$EmptyActivity }, activity=androidx.test.core.app.InstrumentationActivityInvoker$EmptyActivity@c4ba2a6
06-06 20:47:16.158 24187 24187 D LifecycleMonitor: Lifecycle status change: androidx.test.core.app.InstrumentationActivityInvoker$BootstrapActivity@f3cb04c in: DESTROYED
06-06 20:47:16.158 24187 24187 V ActivityScenario: Activity lifecycle changed event received but ignored because the intent does not match. startActivityIntent=Intent { act=android.intent.action.MAIN cat=[android.intent.category.LAUNCHER] cmp=com.example.dogglers/.VerticalListActivity }, activity.getIntent()=Intent { act=android.intent.action.MAIN cat=[android.intent.category.LAUNCHER] flg=0x10008000 cmp=com.example.dogglers/androidx.test.core.app.InstrumentationActivityInvoker$BootstrapActivity (has extras) }, activity=androidx.test.core.app.InstrumentationActivityInvoker$BootstrapActivity@f3cb04c
06-06 20:47:16.173 24187 24187 D LifecycleMonitor: Lifecycle status change: androidx.test.core.app.InstrumentationActivityInvoker$EmptyActivity@5cce8f5 in: PRE_ON_CREATE
06-06 20:47:16.175 24187 24187 V ActivityScenario: Activity lifecycle changed event received but ignored because the intent does not match. startActivityIntent=Intent { act=android.intent.action.MAIN cat=[android.intent.category.LAUNCHER] cmp=com.example.dogglers/.VerticalListActivity }, activity.getIntent()=Intent { act=android.intent.action.MAIN cat=[android.intent.category.LAUNCHER] flg=0x10000000 cmp=com.example.dogglers/androidx.test.core.app.InstrumentationActivityInvoker$EmptyActivity }, activity=androidx.test.core.app.InstrumentationActivityInvoker$EmptyActivity@5cce8f5
06-06 20:47:16.193 24187 24187 D LifecycleMonitor: Lifecycle status change: androidx.test.core.app.InstrumentationActivityInvoker$EmptyActivity@5cce8f5 in: CREATED
06-06 20:47:16.200 24187 24187 V ActivityScenario: Activity lifecycle changed event received but ignored because the intent does not match. startActivityIntent=Intent { act=android.intent.action.MAIN cat=[android.intent.category.LAUNCHER] cmp=com.example.dogglers/.VerticalListActivity }, activity.getIntent()=Intent { act=android.intent.action.MAIN cat=[android.intent.category.LAUNCHER] flg=0x10000000 cmp=com.example.dogglers/androidx.test.core.app.InstrumentationActivityInvoker$EmptyActivity }, activity=androidx.test.core.app.InstrumentationActivityInvoker$EmptyActivity@5cce8f5
06-06 20:47:16.202 24187 24187 D LifecycleMonitor: Lifecycle status change: androidx.test.core.app.InstrumentationActivityInvoker$EmptyActivity@5cce8f5 in: STARTED
06-06 20:47:16.204 24187 24187 V ActivityScenario: Activity lifecycle changed event received but ignored because the intent does not match. startActivityIntent=Intent { act=android.intent.action.MAIN cat=[android.intent.category.LAUNCHER] cmp=com.example.dogglers/.VerticalListActivity }, activity.getIntent()=Intent { act=android.intent.action.MAIN cat=[android.intent.category.LAUNCHER] flg=0x10000000 cmp=com.example.dogglers/androidx.test.core.app.InstrumentationActivityInvoker$EmptyActivity }, activity=androidx.test.core.app.InstrumentationActivityInvoker$EmptyActivity@5cce8f5
06-06 20:47:16.209 24187 24187 D LifecycleMonitor: Lifecycle status change: androidx.test.core.app.InstrumentationActivityInvoker$EmptyActivity@5cce8f5 in: RESUMED
06-06 20:47:16.209 24187 24187 V ActivityScenario: Activity lifecycle changed event received but ignored because the intent does not match. startActivityIntent=Intent { act=android.intent.action.MAIN cat=[android.intent.category.LAUNCHER] cmp=com.example.dogglers/.VerticalListActivity }, activity.getIntent()=Intent { act=android.intent.action.MAIN cat=[android.intent.category.LAUNCHER] flg=0x10000000 cmp=com.example.dogglers/androidx.test.core.app.InstrumentationActivityInvoker$EmptyActivity }, activity=androidx.test.core.app.InstrumentationActivityInvoker$EmptyActivity@5cce8f5
06-06 20:47:16.251   352 10162 D goldfish-address-space: claimShared: Ask to claim region [0x3eb43b000 0x3ebda0000]
06-06 20:47:16.283   352 10162 D goldfish-address-space: claimShared: Ask to claim region [0x3e8c06000 0x3e956b000]
06-06 20:47:16.296   352 10162 D goldfish-address-space: claimShared: Ask to claim region [0x3e956b000 0x3e9ed0000]
06-06 20:47:16.317  1768  1787 I ActivityTaskManager: Displayed com.example.dogglers/androidx.test.core.app.InstrumentationActivityInvoker$EmptyActivity: +257ms
06-06 20:47:16.328 24187 24187 D LifecycleMonitor: Lifecycle status change: androidx.test.core.app.InstrumentationActivityInvoker$EmptyActivity@c4ba2a6 in: STOPPED
06-06 20:47:16.328 24187 24187 V ActivityScenario: Activity lifecycle changed event received but ignored because the intent does not match. startActivityIntent=Intent { act=android.intent.action.MAIN cat=[android.intent.category.LAUNCHER] cmp=com.example.dogglers/.VerticalListActivity }, activity.getIntent()=Intent { act=android.intent.action.MAIN cat=[android.intent.category.LAUNCHER] flg=0x10000000 cmp=com.example.dogglers/androidx.test.core.app.InstrumentationActivityInvoker$EmptyActivity }, activity=androidx.test.core.app.InstrumentationActivityInvoker$EmptyActivity@c4ba2a6
06-06 20:47:16.337   352 10162 D goldfish-address-space: claimShared: Ask to claim region [0x3ef85e000 0x3efe61000]
06-06 20:47:16.406 24187 24187 D LifecycleMonitor: Lifecycle status change: androidx.test.core.app.InstrumentationActivityInvoker$EmptyActivity@c4ba2a6 in: DESTROYED
06-06 20:47:16.407 24187 24187 V ActivityScenario: Activity lifecycle changed event received but ignored because the intent does not match. startActivityIntent=Intent { act=android.intent.action.MAIN cat=[android.intent.category.LAUNCHER] cmp=com.example.dogglers/.VerticalListActivity }, activity.getIntent()=Intent { act=android.intent.action.MAIN cat=[android.intent.category.LAUNCHER] flg=0x10000000 cmp=com.example.dogglers/androidx.test.core.app.InstrumentationActivityInvoker$EmptyActivity }, activity=androidx.test.core.app.InstrumentationActivityInvoker$EmptyActivity@c4ba2a6
06-06 20:47:16.424  1768  2660 W InputManager-JNI: Input channel object '24b7e1b com.example.dogglers/androidx.test.core.app.InstrumentationActivityInvoker$EmptyActivity (client)' was disposed without first being removed with the input manager!
06-06 20:47:16.458 24187 24187 D LifecycleMonitor: Lifecycle status change: androidx.test.core.app.InstrumentationActivityInvoker$EmptyActivity@5cce8f5 in: PAUSED
06-06 20:47:16.458 24187 24187 V ActivityScenario: Activity lifecycle changed event received but ignored because the intent does not match. startActivityIntent=Intent { act=android.intent.action.MAIN cat=[android.intent.category.LAUNCHER] cmp=com.example.dogglers/.VerticalListActivity }, activity.getIntent()=Intent { act=android.intent.action.MAIN cat=[android.intent.category.LAUNCHER] flg=0x10000000 cmp=com.example.dogglers/androidx.test.core.app.InstrumentationActivityInvoker$EmptyActivity }, activity=androidx.test.core.app.InstrumentationActivityInvoker$EmptyActivity@5cce8f5
06-06 20:47:16.468  7714  7739 D EGL_emulation: app_time_stats: avg=7.97ms min=3.64ms max=21.42ms count=30
06-06 20:47:16.479 24187 24213 I TestRunner: finished: vertical_scroll_content_at_last_position(com.example.dogglers.VerticalListTests)
