06-06 20:47:17.266 24187 24213 I TestRunner: started: vertical_scrolling(com.example.dogglers.VerticalListTests)
06-06 20:47:17.285 24187 24213 W Settings: Setting always_finish_activities has moved from android.provider.Settings.System to android.provider.Settings.Global, returning read-only value.
06-06 20:47:17.331  7714  7738 D SplashScreenView: Build android.window.SplashScreenView{1d3c634 V.E...... ......ID 0,0-0,0}
06-06 20:47:17.331  7714  7738 D SplashScreenView: Icon: view: null drawable: null size: 0
06-06 20:47:17.331  7714  7738 D SplashScreenView: Branding: view: android.view.View{dc76c5d G.ED..... ......I. 0,0-0,0 #10204a6 android:id/splashscreen_branding_view} drawable: null size w: 0 h: 0
06-06 20:47:17.374 24187 24187 D LifecycleMonitor: Lifecycle status change: androidx.test.core.app.InstrumentationActivityInvoker$BootstrapActivity@1f641ad in: PRE_ON_CREATE
06-06 20:47:17.379 24187 24187 V ActivityScenario: Activity lifecycle changed event received but ignored because the intent does not match. startActivityIntent=Intent { act=android.intent.action.MAIN cat=[android.intent.category.LAUNCHER] cmp=com.example.dogglers/.VerticalListActivity }, activity.getIntent()=Intent { act=android.intent.action.MAIN cat=[android.intent.category.LAUNCHER] flg=0x10008000 cmp=com.example.dogglers/androidx.test.core.app.InstrumentationActivityInvoker$BootstrapActivity (has extras) }, activity=androidx.test.core.app.InstrumentationActivityInvoker$BootstrapActivity@1f641ad
06-06 20:47:17.403 24187 24187 D LifecycleMonitor: Lifecycle status change: androidx.test.core.app.InstrumentationActivityInvoker$BootstrapActivity@1f641ad in: CREATED
06-06 20:47:17.404 24187 24187 V ActivityScenario: Activity lifecycle changed event received but ignored because the intent does not match. startActivityIntent=Intent { act=android.intent.action.MAIN cat=[android.intent.category.LAUNCHER] cmp=com.example.dogglers/.VerticalListActivity }, activity.getIntent()=Intent { act=android.intent.action.MAIN cat=[android.intent.category.LAUNCHER] flg=0x10008000 cmp=com.example.dogglers/androidx.test.core.app.InstrumentationActivityInvoker$BootstrapActivity (has extras) }, activity=androidx.test.core.app.InstrumentationActivityInvoker$BootstrapActivity@1f641ad
06-06 20:47:17.407 24187 24187 D LifecycleMonitor: Lifecycle status change: androidx.test.core.app.InstrumentationActivityInvoker$BootstrapActivity@1f641ad in: STARTED
06-06 20:47:17.408 24187 24187 V ActivityScenario: Activity lifecycle changed event received but ignored because the intent does not match. startActivityIntent=Intent { act=android.intent.action.MAIN cat=[android.intent.category.LAUNCHER] cmp=com.example.dogglers/.VerticalListActivity }, activity.getIntent()=Intent { act=android.intent.action.MAIN cat=[android.intent.category.LAUNCHER] flg=0x10008000 cmp=com.example.dogglers/androidx.test.core.app.InstrumentationActivityInvoker$BootstrapActivity (has extras) }, activity=androidx.test.core.app.InstrumentationActivityInvoker$BootstrapActivity@1f641ad
06-06 20:47:17.430 24187 24187 D LifecycleMonitor: Lifecycle status change: androidx.test.core.app.InstrumentationActivityInvoker$BootstrapActivity@1f641ad in: RESUMED
06-06 20:47:17.431 24187 24187 V ActivityScenario: Activity lifecycle changed event received but ignored because the intent does not match. startActivityIntent=Intent { act=android.intent.action.MAIN cat=[android.intent.category.LAUNCHER] cmp=com.example.dogglers/.VerticalListActivity }, activity.getIntent()=Intent { act=android.intent.action.MAIN cat=[android.intent.category.LAUNCHER] flg=0x10008000 cmp=com.example.dogglers/androidx.test.core.app.InstrumentationActivityInvoker$BootstrapActivity (has extras) }, activity=androidx.test.core.app.InstrumentationActivityInvoker$BootstrapActivity@1f641ad
06-06 20:47:17.450 24187 24187 D LifecycleMonitor: Lifecycle status change: androidx.test.core.app.InstrumentationActivityInvoker$BootstrapActivity@1f641ad in: PAUSED
06-06 20:47:17.451 24187 24187 V ActivityScenario: Activity lifecycle changed event received but ignored because the intent does not match. startActivityIntent=Intent { act=android.intent.action.MAIN cat=[android.intent.category.LAUNCHER] cmp=com.example.dogglers/.VerticalListActivity }, activity.getIntent()=Intent { act=android.intent.action.MAIN cat=[android.intent.category.LAUNCHER] flg=0x10008000 cmp=com.example.dogglers/androidx.test.core.app.InstrumentationActivityInvoker$BootstrapActivity (has extras) }, activity=androidx.test.core.app.InstrumentationActivityInvoker$BootstrapActivity@1f641ad
06-06 20:47:17.480 24187 24187 D LifecycleMonitor: Lifecycle status change: com.example.dogglers.VerticalListActivity@2a2c8cf in: PRE_ON_CREATE
06-06 20:47:17.481 24187 24187 V ActivityScenario: Activity lifecycle changed event received but ignored because the reported transition was not ON_CREATE while the last known transition was PRE_ON_CREATE
06-06 20:47:17.496  7714  7738 D SplashScreenView: Build android.window.SplashScreenView{5d71dff V.E...... ......ID 0,0-0,0}
06-06 20:47:17.496  7714  7738 D SplashScreenView: Icon: view: null drawable: null size: 0
06-06 20:47:17.496  7714  7738 D SplashScreenView: Branding: view: android.view.View{9f5a7cc G.ED..... ......I. 0,0-0,0 #10204a6 android:id/splashscreen_branding_view} drawable: null size w: 0 h: 0
06-06 20:47:17.501  7714  7739 D EGL_emulation: app_time_stats: avg=20.67ms min=1.58ms max=319.46ms count=25
06-06 20:47:17.569 24187 24187 D LifecycleMonitor: Lifecycle status change: com.example.dogglers.VerticalListActivity@2a2c8cf in: CREATED
06-06 20:47:17.570 24187 24187 V ActivityScenario: Update currentActivityStage to CREATED, currentActivity=com.example.dogglers.VerticalListActivity@2a2c8cf
06-06 20:47:17.578 24187 24187 D LifecycleMonitor: Lifecycle status change: com.example.dogglers.VerticalListActivity@2a2c8cf in: STARTED
06-06 20:47:17.580 24187 24187 V ActivityScenario: Update currentActivityStage to STARTED, currentActivity=com.example.dogglers.VerticalListActivity@2a2c8cf
06-06 20:47:17.583 24187 24187 D LifecycleMonitor: Lifecycle status change: com.example.dogglers.VerticalListActivity@2a2c8cf in: RESUMED
06-06 20:47:17.595 24187 24187 V ActivityScenario: Update currentActivityStage to RESUMED, currentActivity=com.example.dogglers.VerticalListActivity@2a2c8cf
06-06 20:47:17.603   352 10162 D goldfish-address-space: claimShared: Ask to claim region [0x3eb43b000 0x3ebda0000]
06-06 20:47:17.628   352 10162 D goldfish-address-space: claimShared: Ask to claim region [0x3e8c06000 0x3e956b000]
06-06 20:47:17.634   352 10162 D goldfish-address-space: claimShared: Ask to claim region [0x3e956b000 0x3e9ed0000]
06-06 20:47:17.653 24187 24187 D LifecycleMonitor: Lifecycle status change: androidx.test.core.app.InstrumentationActivityInvoker$BootstrapActivity@1f641ad in: STOPPED
06-06 20:47:17.654 24187 24187 V ActivityScenario: Activity lifecycle changed event received but ignored because the intent does not match. startActivityIntent=Intent { act=android.intent.action.MAIN cat=[android.intent.category.LAUNCHER] cmp=com.example.dogglers/.VerticalListActivity }, activity.getIntent()=Intent { act=android.intent.action.MAIN cat=[android.intent.category.LAUNCHER] flg=0x10008000 cmp=com.example.dogglers/androidx.test.core.app.InstrumentationActivityInvoker$BootstrapActivity (has extras) }, activity=androidx.test.core.app.InstrumentationActivityInvoker$BootstrapActivity@1f641ad
06-06 20:47:17.689   352 10162 D goldfish-address-space: claimShared: Ask to claim region [0x3ec965000 0x3ecf68000]
06-06 20:47:17.737   352 10162 D goldfish-address-space: claimShared: Ask to claim region [0x3ecf68000 0x3ed8cd000]
06-06 20:47:17.808   352 10162 D goldfish-address-space: claimShared: Ask to claim region [0x3ed8cd000 0x3ee232000]
06-06 20:47:17.812   352 10162 D goldfish-address-space: claimShared: Ask to claim region [0x3f2b97000 0x3f34fc000]
06-06 20:47:17.986  1768  1787 I ActivityTaskManager: Displayed com.example.dogglers/.VerticalListActivity: +669ms
06-06 20:47:18.019 24187 24187 D RootViewPicker: Root not ready - waiting: 10ms for one to appear.
06-06 20:47:18.064  3720  3720 I GoogleInputMethodService: GoogleInputMethodService.onFinishInput():3420
06-06 20:47:18.064  3720  3720 I GoogleInputMethodService: GoogleInputMethodService.onStartInput():2002
06-06 20:47:18.066  3720  3720 I DeviceUnlockedTag: DeviceUnlockedTag.notifyDeviceLockStatusChanged():31 Notify device unlocked.
06-06 20:47:18.161 24187 24187 I ViewInteraction: Performing 'fast swipe' action on view view.getId() is <2131231206/com.example.dogglers:id/vertical_recycler_view>
06-06 20:47:18.341  1768  3428 W InputManager-JNI: Input channel object 'd0e9bbc Splash Screen com.example.dogglers (client)' was disposed without first being removed with the input manager!
06-06 20:47:18.529  7714  7739 D EGL_emulation: app_time_stats: avg=27.10ms min=3.37ms max=235.11ms count=21
06-06 20:47:18.532 24187 24187 D CompatibilityChangeReporter: Compat change id reported: 171228096; UID 10149; state: ENABLED
06-06 20:47:18.779 24187 24187 I ViewInteraction: Checking 'MatchesViewAssertion{viewMatcher=(view has effective visibility <VISIBLE> and view.getGlobalVisibleRect() to return non-empty rectangle)}' assertion on view an instance of android.widget.TextView and view.getText() with or without transformation to match: is "Faye"
06-06 20:47:19.046 24187 24216 D EGL_emulation: app_time_stats: avg=16.33ms min=5.83ms max=87.91ms count=30
06-06 20:47:19.343 24187 24187 D LifecycleMonitor: Lifecycle status change: com.example.dogglers.VerticalListActivity@2a2c8cf in: PAUSED
06-06 20:47:19.345 24187 24187 V ActivityScenario: Update currentActivityStage to PAUSED, currentActivity=com.example.dogglers.VerticalListActivity@2a2c8cf
06-06 20:47:19.366 24187 24187 D LifecycleMonitor: Lifecycle status change: androidx.test.core.app.InstrumentationActivityInvoker$EmptyActivity@52b53e3 in: PRE_ON_CREATE
06-06 20:47:19.367 24187 24187 V ActivityScenario: Activity lifecycle changed event received but ignored because the intent does not match. startActivityIntent=Intent { act=android.intent.action.MAIN cat=[android.intent.category.LAUNCHER] cmp=com.example.dogglers/.VerticalListActivity }, activity.getIntent()=Intent { act=android.intent.action.MAIN cat=[android.intent.category.LAUNCHER] flg=0x10000000 cmp=com.example.dogglers/androidx.test.core.app.InstrumentationActivityInvoker$EmptyActivity }, activity=androidx.test.core.app.InstrumentationActivityInvoker$EmptyActivity@52b53e3
06-06 20:47:19.393 24187 24187 D LifecycleMonitor: Lifecycle status change: androidx.test.core.app.InstrumentationActivityInvoker$EmptyActivity@52b53e3 in: CREATED
06-06 20:47:19.401 24187 24187 V ActivityScenario: Activity lifecycle changed event received but ignored because the intent does not match. startActivityIntent=Intent { act=android.intent.action.MAIN cat=[android.intent.category.LAUNCHER] cmp=com.example.dogglers/.VerticalListActivity }, activity.getIntent()=Intent { act=android.intent.action.MAIN cat=[android.intent.category.LAUNCHER] flg=0x10000000 cmp=com.example.dogglers/androidx.test.core.app.InstrumentationActivityInvoker$EmptyActivity }, activity=androidx.test.core.app.InstrumentationActivityInvoker$EmptyActivity@52b53e3
06-06 20:47:19.405 24187 24187 D LifecycleMonitor: Lifecycle status change: androidx.test.core.app.InstrumentationActivityInvoker$EmptyActivity@52b53e3 in: STARTED
06-06 20:47:19.407 24187 24187 V ActivityScenario: Activity lifecycle changed event received but ignored because the intent does not match. startActivityIntent=Intent { act=android.intent.action.MAIN cat=[android.intent.category.LAUNCHER] cmp=com.example.dogglers/.VerticalListActivity }, activity.getIntent()=Intent { act=android.intent.action.MAIN cat=[android.intent.category.LAUNCHER] flg=0x10000000 cmp=com.example.dogglers/androidx.test.core.app.InstrumentationActivityInvoker$EmptyActivity }, activity=androidx.test.core.app.InstrumentationActivityInvoker$EmptyActivity@52b53e3
06-06 20:47:19.419 24187 24187 D LifecycleMonitor: Lifecycle status change: androidx.test.core.app.InstrumentationActivityInvoker$EmptyActivity@52b53e3 in: RESUMED
06-06 20:47:19.420 24187 24187 V ActivityScenario: Activity lifecycle changed event received but ignored because the intent does not match. startActivityIntent=Intent { act=android.intent.action.MAIN cat=[android.intent.category.LAUNCHER] cmp=com.example.dogglers/.VerticalListActivity }, activity.getIntent()=Intent { act=android.intent.action.MAIN cat=[android.intent.category.LAUNCHER] flg=0x10000000 cmp=com.example.dogglers/androidx.test.core.app.InstrumentationActivityInvoker$EmptyActivity }, activity=androidx.test.core.app.InstrumentationActivityInvoker$EmptyActivity@52b53e3
06-06 20:47:19.485   352 10162 D goldfish-address-space: claimShared: Ask to claim region [0x3eb43b000 0x3ebda0000]
06-06 20:47:19.496   352 10162 D goldfish-address-space: claimShared: Ask to claim region [0x3e8c06000 0x3e956b000]
06-06 20:47:19.500   352 10162 D goldfish-address-space: claimShared: Ask to claim region [0x3e956b000 0x3e9ed0000]
06-06 20:47:19.533  7714  7739 D EGL_emulation: app_time_stats: avg=6.93ms min=3.33ms max=13.68ms count=29
06-06 20:47:19.534  1768  1787 I ActivityTaskManager: Displayed com.example.dogglers/androidx.test.core.app.InstrumentationActivityInvoker$EmptyActivity: +213ms
06-06 20:47:19.565 24187 24187 D LifecycleMonitor: Lifecycle status change: com.example.dogglers.VerticalListActivity@2a2c8cf in: STOPPED
06-06 20:47:19.566 24187 24187 V ActivityScenario: Update currentActivityStage to STOPPED, currentActivity=com.example.dogglers.VerticalListActivity@2a2c8cf
06-06 20:47:19.576 24187 24187 D LifecycleMonitor: Lifecycle status change: com.example.dogglers.VerticalListActivity@2a2c8cf in: DESTROYED
06-06 20:47:19.578 24187 24187 V ActivityScenario: Update currentActivityStage to DESTROYED, currentActivity=null
06-06 20:47:19.601  1768  2660 W InputManager-JNI: Input channel object '78253cb com.example.dogglers/com.example.dogglers.VerticalListActivity (client)' was disposed without first being removed with the input manager!
06-06 20:47:19.624 24187 24187 D LifecycleMonitor: Lifecycle status change: androidx.test.core.app.InstrumentationActivityInvoker$EmptyActivity@52b53e3 in: PAUSED
06-06 20:47:19.625 24187 24187 V ActivityScenario: Activity lifecycle changed event received but ignored because the intent does not match. startActivityIntent=Intent { act=android.intent.action.MAIN cat=[android.intent.category.LAUNCHER] cmp=com.example.dogglers/.VerticalListActivity }, activity.getIntent()=Intent { act=android.intent.action.MAIN cat=[android.intent.category.LAUNCHER] flg=0x10000000 cmp=com.example.dogglers/androidx.test.core.app.InstrumentationActivityInvoker$EmptyActivity }, activity=androidx.test.core.app.InstrumentationActivityInvoker$EmptyActivity@52b53e3
06-06 20:47:19.646 24187 24187 D LifecycleMonitor: Lifecycle status change: androidx.test.core.app.InstrumentationActivityInvoker$BootstrapActivity@1f641ad in: DESTROYED
06-06 20:47:19.648 24187 24187 V ActivityScenario: Activity lifecycle changed event received but ignored because the intent does not match. startActivityIntent=Intent { act=android.intent.action.MAIN cat=[android.intent.category.LAUNCHER] cmp=com.example.dogglers/.VerticalListActivity }, activity.getIntent()=Intent { act=android.intent.action.MAIN cat=[android.intent.category.LAUNCHER] flg=0x10008000 cmp=com.example.dogglers/androidx.test.core.app.InstrumentationActivityInvoker$BootstrapActivity (has extras) }, activity=androidx.test.core.app.InstrumentationActivityInvoker$BootstrapActivity@1f641ad
06-06 20:47:19.674 24187 24187 D LifecycleMonitor: Lifecycle status change: androidx.test.core.app.InstrumentationActivityInvoker$EmptyActivity@6284836 in: PRE_ON_CREATE
06-06 20:47:19.674 24187 24187 V ActivityScenario: Activity lifecycle changed event received but ignored because the intent does not match. startActivityIntent=Intent { act=android.intent.action.MAIN cat=[android.intent.category.LAUNCHER] cmp=com.example.dogglers/.VerticalListActivity }, activity.getIntent()=Intent { act=android.intent.action.MAIN cat=[android.intent.category.LAUNCHER] flg=0x10000000 cmp=com.example.dogglers/androidx.test.core.app.InstrumentationActivityInvoker$EmptyActivity }, activity=androidx.test.core.app.InstrumentationActivityInvoker$EmptyActivity@6284836
06-06 20:47:19.699 24187 24187 D LifecycleMonitor: Lifecycle status change: androidx.test.core.app.InstrumentationActivityInvoker$EmptyActivity@6284836 in: CREATED
06-06 20:47:19.700 24187 24187 V ActivityScenario: Activity lifecycle changed event received but ignored because the intent does not match. startActivityIntent=Intent { act=android.intent.action.MAIN cat=[android.intent.category.LAUNCHER] cmp=com.example.dogglers/.VerticalListActivity }, activity.getIntent()=Intent { act=android.intent.action.MAIN cat=[android.intent.category.LAUNCHER] flg=0x10000000 cmp=com.example.dogglers/androidx.test.core.app.InstrumentationActivityInvoker$EmptyActivity }, activity=androidx.test.core.app.InstrumentationActivityInvoker$EmptyActivity@6284836
06-06 20:47:19.703 24187 24187 D LifecycleMonitor: Lifecycle status change: androidx.test.core.app.InstrumentationActivityInvoker$EmptyActivity@6284836 in: STARTED
06-06 20:47:19.705 24187 24187 V ActivityScenario: Activity lifecycle changed event received but ignored because the intent does not match. startActivityIntent=Intent { act=android.intent.action.MAIN cat=[android.intent.category.LAUNCHER] cmp=com.example.dogglers/.VerticalListActivity }, activity.getIntent()=Intent { act=android.intent.action.MAIN cat=[android.intent.category.LAUNCHER] flg=0x10000000 cmp=com.example.dogglers/androidx.test.core.app.InstrumentationActivityInvoker$EmptyActivity }, activity=androidx.test.core.app.InstrumentationActivityInvoker$EmptyActivity@6284836
06-06 20:47:19.713 24187 24187 D LifecycleMonitor: Lifecycle status change: androidx.test.core.app.InstrumentationActivityInvoker$EmptyActivity@6284836 in: RESUMED
06-06 20:47:19.714 24187 24187 V ActivityScenario: Activity lifecycle changed event received but ignored because the intent does not match. startActivityIntent=Intent { act=android.intent.action.MAIN cat=[android.intent.category.LAUNCHER] cmp=com.example.dogglers/.VerticalListActivity }, activity.getIntent()=Intent { act=android.intent.action.MAIN cat=[android.intent.category.LAUNCHER] flg=0x10000000 cmp=com.example.dogglers/androidx.test.core.app.InstrumentationActivityInvoker$EmptyActivity }, activity=androidx.test.core.app.InstrumentationActivityInvoker$EmptyActivity@6284836
06-06 20:47:19.772   352 10162 D goldfish-address-space: claimShared: Ask to claim region [0x3e9ed0000 0x3ea835000]
06-06 20:47:19.809   352 10162 D goldfish-address-space: claimShared: Ask to claim region [0x3ec000000 0x3ec965000]
06-06 20:47:19.823   352 10162 D goldfish-address-space: claimShared: Ask to claim region [0x3eeef9000 0x3ef85e000]
06-06 20:47:19.848  1768  1787 I ActivityTaskManager: Displayed com.example.dogglers/androidx.test.core.app.InstrumentationActivityInvoker$EmptyActivity: +293ms
06-06 20:47:19.868 24187 24187 D LifecycleMonitor: Lifecycle status change: androidx.test.core.app.InstrumentationActivityInvoker$EmptyActivity@52b53e3 in: STOPPED
06-06 20:47:19.869 24187 24187 V ActivityScenario: Activity lifecycle changed event received but ignored because the intent does not match. startActivityIntent=Intent { act=android.intent.action.MAIN cat=[android.intent.category.LAUNCHER] cmp=com.example.dogglers/.VerticalListActivity }, activity.getIntent()=Intent { act=android.intent.action.MAIN cat=[android.intent.category.LAUNCHER] flg=0x10000000 cmp=com.example.dogglers/androidx.test.core.app.InstrumentationActivityInvoker$EmptyActivity }, activity=androidx.test.core.app.InstrumentationActivityInvoker$EmptyActivity@52b53e3
06-06 20:47:19.901   352 10162 D goldfish-address-space: claimShared: Ask to claim region [0x3e8c06000 0x3e9209000]
06-06 20:47:19.953  3720  3720 I GoogleInputMethodService: GoogleInputMethodService.onFinishInput():3420
06-06 20:47:19.954  3720  3720 I GoogleInputMethodService: GoogleInputMethodService.onStartInput():2002
06-06 20:47:19.958  3720  3720 I DeviceUnlockedTag: DeviceUnlockedTag.notifyDeviceLockStatusChanged():31 Notify device unlocked.
06-06 20:47:19.964 24187 24187 D LifecycleMonitor: Lifecycle status change: androidx.test.core.app.InstrumentationActivityInvoker$EmptyActivity@52b53e3 in: DESTROYED
06-06 20:47:19.966 24187 24187 V ActivityScenario: Activity lifecycle changed event received but ignored because the intent does not match. startActivityIntent=Intent { act=android.intent.action.MAIN cat=[android.intent.category.LAUNCHER] cmp=com.example.dogglers/.VerticalListActivity }, activity.getIntent()=Intent { act=android.intent.action.MAIN cat=[android.intent.category.LAUNCHER] flg=0x10000000 cmp=com.example.dogglers/androidx.test.core.app.InstrumentationActivityInvoker$EmptyActivity }, activity=androidx.test.core.app.InstrumentationActivityInvoker$EmptyActivity@52b53e3
06-06 20:47:19.970  1768  2660 W InputManager-JNI: Input channel object '4bd4513 com.example.dogglers/androidx.test.core.app.InstrumentationActivityInvoker$EmptyActivity (client)' was disposed without first being removed with the input manager!
06-06 20:47:20.002 24187 24187 D LifecycleMonitor: Lifecycle status change: androidx.test.core.app.InstrumentationActivityInvoker$EmptyActivity@6284836 in: PAUSED
06-06 20:47:20.003 24187 24187 V ActivityScenario: Activity lifecycle changed event received but ignored because the intent does not match. startActivityIntent=Intent { act=android.intent.action.MAIN cat=[android.intent.category.LAUNCHER] cmp=com.example.dogglers/.VerticalListActivity }, activity.getIntent()=Intent { act=android.intent.action.MAIN cat=[android.intent.category.LAUNCHER] flg=0x10000000 cmp=com.example.dogglers/androidx.test.core.app.InstrumentationActivityInvoker$EmptyActivity }, activity=androidx.test.core.app.InstrumentationActivityInvoker$EmptyActivity@6284836
06-06 20:47:20.041 24187 24213 I TestRunner: finished: vertical_scrolling(com.example.dogglers.VerticalListTests)
